Archive member included to satisfy reference by file (symbol)

app/libapp.a(main.c.obj)      (--whole-archive)
zephyr/libzephyr.a(cbprintf_packaged.c.obj)
                              (--whole-archive)
zephyr/libzephyr.a(dec.c.obj)
                              (--whole-archive)
zephyr/libzephyr.a(hex.c.obj)
                              (--whole-archive)
zephyr/libzephyr.a(printk.c.obj)
                              (--whole-archive)
zephyr/libzephyr.a(rb.c.obj)  (--whole-archive)
zephyr/libzephyr.a(sem.c.obj)
                              (--whole-archive)
zephyr/libzephyr.a(thread_entry.c.obj)
                              (--whole-archive)
zephyr/libzephyr.a(timeutil.c.obj)
                              (--whole-archive)
zephyr/libzephyr.a(heap.c.obj)
                              (--whole-archive)
zephyr/libzephyr.a(heap-validate.c.obj)
                              (--whole-archive)
zephyr/libzephyr.a(bitarray.c.obj)
                              (--whole-archive)
zephyr/libzephyr.a(multi_heap.c.obj)
                              (--whole-archive)
zephyr/libzephyr.a(cbprintf_complete.c.obj)
                              (--whole-archive)
zephyr/libzephyr.a(assert.c.obj)
                              (--whole-archive)
zephyr/libzephyr.a(configs.c.obj)
                              (--whole-archive)
zephyr/libzephyr.a(soc.c.obj)
                              (--whole-archive)
zephyr/libzephyr.a(stm32cube_hal.c.obj)
                              (--whole-archive)
zephyr/libzephyr.a(soc_config.c.obj)
                              (--whole-archive)
zephyr/libzephyr.a(tracing_none.c.obj)
                              (--whole-archive)
zephyr/libzephyr.a(usb_device.c.obj)
                              (--whole-archive)
zephyr/libzephyr.a(usb_descriptor.c.obj)
                              (--whole-archive)
zephyr/libzephyr.a(usb_transfer.c.obj)
                              (--whole-archive)
zephyr/arch/common/libarch__common.a(sw_isr_common.c.obj)
                              (--whole-archive)
zephyr/arch/arch/arm/core/libarch__arm__core.a(fatal.c.obj)
                              (--whole-archive)
zephyr/arch/arch/arm/core/libarch__arm__core.a(nmi.c.obj)
                              (--whole-archive)
zephyr/arch/arch/arm/core/libarch__arm__core.a(nmi_on_reset.S.obj)
                              (--whole-archive)
zephyr/arch/arch/arm/core/libarch__arm__core.a(tls.c.obj)
                              (--whole-archive)
zephyr/arch/arch/arm/core/cortex_m/libarch__arm__core__cortex_m.a(exc_exit.S.obj)
                              (--whole-archive)
zephyr/arch/arch/arm/core/cortex_m/libarch__arm__core__cortex_m.a(fault.c.obj)
                              (--whole-archive)
zephyr/arch/arch/arm/core/cortex_m/libarch__arm__core__cortex_m.a(fault_s.S.obj)
                              (--whole-archive)
zephyr/arch/arch/arm/core/cortex_m/libarch__arm__core__cortex_m.a(fpu.c.obj)
                              (--whole-archive)
zephyr/arch/arch/arm/core/cortex_m/libarch__arm__core__cortex_m.a(irq_init.c.obj)
                              (--whole-archive)
zephyr/arch/arch/arm/core/cortex_m/libarch__arm__core__cortex_m.a(reset.S.obj)
                              (--whole-archive)
zephyr/arch/arch/arm/core/cortex_m/libarch__arm__core__cortex_m.a(scb.c.obj)
                              (--whole-archive)
zephyr/arch/arch/arm/core/cortex_m/libarch__arm__core__cortex_m.a(thread_abort.c.obj)
                              (--whole-archive)
zephyr/arch/arch/arm/core/cortex_m/libarch__arm__core__cortex_m.a(vector_table.S.obj)
                              (--whole-archive)
zephyr/arch/arch/arm/core/cortex_m/libarch__arm__core__cortex_m.a(swap.c.obj)
                              (--whole-archive)
zephyr/arch/arch/arm/core/cortex_m/libarch__arm__core__cortex_m.a(swap_helper.S.obj)
                              (--whole-archive)
zephyr/arch/arch/arm/core/cortex_m/libarch__arm__core__cortex_m.a(irq_manage.c.obj)
                              (--whole-archive)
zephyr/arch/arch/arm/core/cortex_m/libarch__arm__core__cortex_m.a(prep_c.c.obj)
                              (--whole-archive)
zephyr/arch/arch/arm/core/cortex_m/libarch__arm__core__cortex_m.a(thread.c.obj)
                              (--whole-archive)
zephyr/arch/arch/arm/core/cortex_m/libarch__arm__core__cortex_m.a(cpu_idle.S.obj)
                              (--whole-archive)
zephyr/arch/arch/arm/core/cortex_m/libarch__arm__core__cortex_m.a(isr_wrapper.S.obj)
                              (--whole-archive)
zephyr/arch/arch/arm/core/cortex_m/libarch__arm__core__cortex_m.a(__aeabi_read_tp.S.obj)
                              (--whole-archive)
zephyr/lib/libc/picolibc/liblib__libc__picolibc.a(libc-hooks.c.obj)
                              (--whole-archive)
zephyr/lib/libc/common/liblib__libc__common.a(abort.c.obj)
                              (--whole-archive)
zephyr/lib/libc/common/liblib__libc__common.a(malloc.c.obj)
[...]
Memory Configuration

Name             Origin             Length             Attributes
FLASH            0x0000000008000000 0x0000000000008000 xr
RAM              0x0000000020000000 0x0000000000001800 xw
IDT_LIST         0x00000000fffff7ff 0x0000000000000800 xw
*default*        0x0000000000000000 0xffffffffffffffff

Linker script and memory map

                0x0000000008002da4                vfprintf = __i_vfprintf
                0x0000000000000000                vfscanf = __i_vfscanf
LOAD zephyr/CMakeFiles/zephyr_pre0.dir/misc/empty_file.c.obj
LOAD zephyr/CMakeFiles/offsets.dir/./arch/arm/core/offsets/offsets.c.obj
LOAD app/libapp.a
LOAD zephyr/libzephyr.a
LOAD zephyr/arch/common/libarch__common.a
LOAD zephyr/arch/arch/arm/core/libarch__arm__core.a
LOAD zephyr/arch/arch/arm/core/cortex_m/libarch__arm__core__cortex_m.a
LOAD zephyr/lib/libc/picolibc/liblib__libc__picolibc.a
LOAD zephyr/lib/libc/common/liblib__libc__common.a
LOAD zephyr/drivers/interrupt_controller/libdrivers__interrupt_controller.a
LOAD zephyr/drivers/clock_control/libdrivers__clock_control.a
LOAD zephyr/drivers/console/libdrivers__console.a
LOAD zephyr/drivers/gpio/libdrivers__gpio.a
LOAD zephyr/drivers/hwinfo/libdrivers__hwinfo.a
LOAD zephyr/drivers/pinctrl/libdrivers__pinctrl.a
LOAD zephyr/drivers/reset/libdrivers__reset.a
LOAD zephyr/drivers/serial/libdrivers__serial.a
LOAD zephyr/drivers/timer/libdrivers__timer.a
LOAD modules/stm32/stm32cube/lib..__modules__hal__stm32__stm32cube.a
LOAD zephyr/kernel/libkernel.a
LOAD /Users/henrychen/zephyr-sdk-0.16.3/arm-zephyr-eabi/bin/../lib/gcc/arm-zephyr-eabi/12.2.0/thumb/v6-m/nofp/libgcc.a
LOAD zephyr/arch/common/libisr_tables.a
LOAD /Users/henrychen/zephyr-sdk-0.16.3/arm-zephyr-eabi/bin/../lib/gcc/../../picolibc/arm-zephyr-eabi/lib/thumb/v6-m/nofp/libc.a
LOAD /Users/henrychen/zephyr-sdk-0.16.3/arm-zephyr-eabi/bin/../lib/gcc/arm-zephyr-eabi/12.2.0/thumb/v6-m/nofp/libgcc.a
                0x0000000000000004                _region_min_align = 0x4

.rel.plt        0x0000000008000000        0x0
 *(SORT_BY_ALIGNMENT(.rel.plt))
                [!provide]                        PROVIDE (__rel_iplt_start = .)
 *(SORT_BY_ALIGNMENT(.rel.iplt))
 .rel.iplt      0x0000000008000000        0x0 app/libapp.a(main.c.obj)
                [!provide]                        PROVIDE (__rel_iplt_end = .)

.rela.plt       0x0000000000000000        0x0
 *(SORT_BY_ALIGNMENT(.rela.plt))
                [!provide]                        PROVIDE (__rela_iplt_start = .)
 *(SORT_BY_ALIGNMENT(.rela.iplt))
                [!provide]                        PROVIDE (__rela_iplt_end = .)

.rel.dyn
 *(SORT_BY_ALIGNMENT(.rel.*))

.rela.dyn
 *(SORT_BY_ALIGNMENT(.rela.*))

/DISCARD/
 *(SORT_BY_ALIGNMENT(.plt))

/DISCARD/
 *(SORT_BY_ALIGNMENT(.iplt))
                0x0000000008000000                __rom_region_start = 0x8000000

rom_start       0x0000000008000000       0xc0
                0x0000000008000000                __rom_start_address = .
 FILL mask 0x00
                0x0000000008000000                . = (. + (0x0 - (. - __rom_start_address)))
                0x0000000008000000                . = ALIGN (0x4)
                0x0000000008000000                _vector_start = .
 *(SORT_BY_ALIGNMENT(.exc_vector_table))
 *(SORT_BY_ALIGNMENT(.exc_vector_table.*))
 .exc_vector_table._vector_table_section
                0x0000000008000000       0x40 zephyr/arch/arch/arm/core/cortex_m/libarch__arm__core__cortex_m.a(vector_table.S.obj)
                0x0000000008000000                _vector_table
 *(SORT_BY_ALIGNMENT(.vectors))
                0x00000000080000c0                _vector_end = .
                0x0000000008000040                . = ALIGN (0x4)
 *(SORT_BY_ALIGNMENT(.gnu.linkonce.irq_vector_table*))
 .gnu.linkonce.irq_vector_table
                0x0000000008000040       0x80 zephyr/arch/common/libisr_tables.a(isr_tables.c.obj)
                0x0000000008000040                _irq_vector_table
                0x00000000080000c0                _vector_end = .

text            0x00000000080000c0     0x3a14
                0x00000000080000c0                __text_region_start = .
 *(SORT_BY_ALIGNMENT(.text))
 .text          0x00000000080000c0       0x14 /Users/henrychen/zephyr-sdk-0.16.3/arm-zephyr-eabi/bin/../lib/gcc/arm-zephyr-eabi/12.2.0/thumb/v6-m/nofp/libgcc.a(_thumb1_case_uqi.o)
                0x00000000080000c0                __gnu_thumb1_case_uqi
 .text          0x00000000080000d4       0x8c /Users/henrychen/zephyr-sdk-0.16.3/arm-zephyr-eabi/bin/../lib/gcc/arm-zephyr-eabi/12.2.0/thumb/v6-m/nofp/libgcc.a(_udivsi3.o)
                0x00000000080000d4                __udivsi3
                0x00000000080000d4                __aeabi_uidiv
                0x000000000800014c                __aeabi_uidivmod
 .text          0x0000000008000160        0x4 /Users/henrychen/zephyr-sdk-0.16.3/arm-zephyr-eabi/bin/../lib/gcc/arm-zephyr-eabi/12.2.0/thumb/v6-m/nofp/libgcc.a(_dvmd_tls.o)
                0x0000000008000160                __aeabi_ldiv0
                0x0000000008000160                __aeabi_idiv0
 .text          0x0000000008000164       0x3c /Users/henrychen/zephyr-sdk-0.16.3/arm-zephyr-eabi/bin/../lib/gcc/arm-zephyr-eabi/12.2.0/thumb/v6-m/nofp/libgcc.a(_clzsi2.o)
                0x0000000008000164                __clzsi2
 .text          0x00000000080001a0       0x40 /Users/henrychen/zephyr-sdk-0.16.3/arm-zephyr-eabi/bin/../lib/gcc/arm-zephyr-eabi/12.2.0/thumb/v6-m/nofp/libgcc.a(_aeabi_uldivmod.o)
                0x00000000080001a0                __aeabi_uldivmod
 .text          0x00000000080001e0       0x18 /Users/henrychen/zephyr-sdk-0.16.3/arm-zephyr-eabi/bin/../lib/gcc/arm-zephyr-eabi/12.2.0/thumb/v6-m/nofp/libgcc.a(_lshrdi3.o)
                0x00000000080001e0                __aeabi_llsr
                0x00000000080001e0                __lshrdi3
 .text          0x00000000080001f8       0x18 /Users/henrychen/zephyr-sdk-0.16.3/arm-zephyr-eabi/bin/../lib/gcc/arm-zephyr-eabi/12.2.0/thumb/v6-m/nofp/libgcc.a(_ashldi3.o)
                0x00000000080001f8                __ashldi3
                0x00000000080001f8                __aeabi_llsl
 .text          0x0000000008000210       0x18 /Users/henrychen/zephyr-sdk-0.16.3/arm-zephyr-eabi/bin/../lib/gcc/arm-zephyr-eabi/12.2.0/thumb/v6-m/nofp/libgcc.a(_clzdi2.o)
                0x0000000008000210                __clzdi2
 .text          0x0000000008000228       0xde /Users/henrychen/zephyr-sdk-0.16.3/arm-zephyr-eabi/bin/../lib/gcc/arm-zephyr-eabi/12.2.0/thumb/v6-m/nofp/libgcc.a(_udivmoddi4.o)
                0x0000000008000228                __udivmoddi4
 .text          0x0000000008000306        0xe /Users/henrychen/zephyr-sdk-0.16.3/arm-zephyr-eabi/bin/../lib/gcc/../../picolibc/arm-zephyr-eabi/lib/thumb/v6-m/nofp/libc.a(strlen.S.o)
                0x0000000008000306                strlen
 *(SORT_BY_ALIGNMENT(.text.*))
 .text.main     0x0000000008000314       0x1c app/libapp.a(main.c.obj)
                0x0000000008000314                main
 .text.char_out
                0x0000000008000330       0x10 zephyr/libzephyr.a(printk.c.obj)
 .text.__printk_hook_install
                0x0000000008000340        0xc zephyr/libzephyr.a(printk.c.obj)
                0x0000000008000340                __printk_hook_install
 .text.vprintk  0x000000000800034c       0x30 zephyr/libzephyr.a(printk.c.obj)
                0x000000000800034c                vprintk
 .text.z_thread_entry
                0x000000000800037c       0x30 zephyr/libzephyr.a(thread_entry.c.obj)
                0x000000000800037c                z_thread_entry
 .text.stm32f0_init
                0x00000000080003ac       0x14 zephyr/libzephyr.a(soc.c.obj)
 .text.relocate_vector_table
                0x00000000080003c0       0x2c zephyr/libzephyr.a(soc.c.obj)
                0x00000000080003c0                relocate_vector_table
 .text.st_stm32_common_config
                0x00000000080003ec       0x14 zephyr/libzephyr.a(soc_config.c.obj)
 .text.class_handler
                0x0000000008000400       0x48 zephyr/libzephyr.a(usb_device.c.obj)
 .text.custom_handler
                0x0000000008000448       0x5c zephyr/libzephyr.a(usb_device.c.obj)
 .text.vendor_handler
                0x00000000080004a4       0x38 zephyr/libzephyr.a(usb_device.c.obj)
 .text.disable_endpoint
                0x00000000080004dc       0x28 zephyr/libzephyr.a(usb_device.c.obj)
 .text.usb_reset_alt_setting
                0x0000000008000504       0x14 zephyr/libzephyr.a(usb_device.c.obj)
 .text.is_ep_valid.part.0
                0x0000000008000518       0x34 zephyr/libzephyr.a(usb_device.c.obj)
 .text.usb_halt_endpoint_req.isra.0
                0x000000000800054c       0x58 zephyr/libzephyr.a(usb_device.c.obj)
 .text.set_endpoint
                0x00000000080005a4       0x8c zephyr/libzephyr.a(usb_device.c.obj)
 .text.usb_handle_standard_request
                0x0000000008000630      0x2b8 zephyr/libzephyr.a(usb_device.c.obj)
 .text.usb_set_config
                0x00000000080008e8       0x2c zephyr/libzephyr.a(usb_device.c.obj)
                0x00000000080008e8                usb_set_config
 .text.usb_device_init
                0x0000000008000914       0x28 zephyr/libzephyr.a(usb_device.c.obj)
 .text.usb_update_sn_string_descriptor
                0x000000000800093c       0x74 zephyr/libzephyr.a(usb_descriptor.c.obj)
                0x000000000800093c                usb_update_sn_string_descriptor
 .text.usb_get_device_descriptor
                0x00000000080009b0      0x1d4 zephyr/libzephyr.a(usb_descriptor.c.obj)
                0x00000000080009b0                usb_get_device_descriptor
 .text.usb_ep_get_transfer
                0x0000000008000b84       0x2c zephyr/libzephyr.a(usb_transfer.c.obj)
 .text.usb_cancel_transfer
                0x0000000008000bb0       0x34 zephyr/libzephyr.a(usb_transfer.c.obj)
                0x0000000008000bb0                usb_cancel_transfer
 .text.z_SysNmiOnReset
                0x0000000008000be4        0x4 zephyr/arch/arch/arm/core/libarch__arm__core.a(nmi_on_reset.S.obj)
                0x0000000008000be4                z_SysNmiOnReset
 .text.arch_tls_stack_setup
                0x0000000008000be8       0x68 zephyr/arch/arch/arm/core/libarch__arm__core.a(tls.c.obj)
                0x0000000008000be8                arch_tls_stack_setup
 .text._HandlerModeExit
                0x0000000008000c50       0x20 zephyr/arch/arch/arm/core/cortex_m/libarch__arm__core__cortex_m.a(exc_exit.S.obj)
                0x0000000008000c50                z_arm_exc_exit
                0x0000000008000c50                z_arm_int_exit
 .text.z_arm_fault
                0x0000000008000c70       0xa8 zephyr/arch/arch/arm/core/cortex_m/libarch__arm__core__cortex_m.a(fault.c.obj)
                0x0000000008000c70                z_arm_fault
 .text.__fault  0x0000000008000d18       0x14 zephyr/arch/arch/arm/core/cortex_m/libarch__arm__core__cortex_m.a(fault_s.S.obj)
                0x0000000008000d18                z_arm_exc_spurious
                0x0000000008000d18                z_arm_hard_fault
 .text.z_arm_interrupt_init
                0x0000000008000d2c       0x30 zephyr/arch/arch/arm/core/cortex_m/libarch__arm__core__cortex_m.a(irq_init.c.obj)
                0x0000000008000d2c                z_arm_interrupt_init
 .text._reset_section
                0x0000000008000d5c       0x28 zephyr/arch/arch/arm/core/cortex_m/libarch__arm__core__cortex_m.a(reset.S.obj)
                0x0000000008000d5c                z_arm_reset
                0x0000000008000d5c                __start
 .text.z_impl_k_thread_abort
                0x0000000008000d84       0x38 zephyr/arch/arch/arm/core/cortex_m/libarch__arm__core__cortex_m.a(thread_abort.c.obj)
                0x0000000008000d84                z_impl_k_thread_abort
 .text.arch_swap
                0x0000000008000dbc       0x30 zephyr/arch/arch/arm/core/cortex_m/libarch__arm__core__cortex_m.a(swap.c.obj)
                0x0000000008000dbc                arch_swap
 .text.z_arm_pendsv
                0x0000000008000dec       0x70 zephyr/arch/arch/arm/core/cortex_m/libarch__arm__core__cortex_m.a(swap_helper.S.obj)
                0x0000000008000dec                z_arm_pendsv
 .text.z_arm_svc
                0x0000000008000e5c       0x24 zephyr/arch/arch/arm/core/cortex_m/libarch__arm__core__cortex_m.a(swap_helper.S.obj)
                0x0000000008000e5c                z_arm_svc
 .text.arch_irq_enable
                0x0000000008000e80       0x18 zephyr/arch/arch/arm/core/cortex_m/libarch__arm__core__cortex_m.a(irq_manage.c.obj)
                0x0000000008000e80                arch_irq_enable
 .text.z_arm_irq_priority_set
                0x0000000008000e98       0x54 zephyr/arch/arch/arm/core/cortex_m/libarch__arm__core__cortex_m.a(irq_manage.c.obj)
                0x0000000008000e98                z_arm_irq_priority_set
 .text.arch_new_thread
                0x0000000008000eec       0x2c zephyr/arch/arch/arm/core/cortex_m/libarch__arm__core__cortex_m.a(thread.c.obj)
                0x0000000008000eec                arch_new_thread
 .text.arch_switch_to_main_thread
                0x0000000008000f18       0x28 zephyr/arch/arch/arm/core/cortex_m/libarch__arm__core__cortex_m.a(thread.c.obj)
                0x0000000008000f18                arch_switch_to_main_thread
 .text.z_arm_cpu_idle_init
                0x0000000008000f40        0xc zephyr/arch/arch/arm/core/cortex_m/libarch__arm__core__cortex_m.a(cpu_idle.S.obj)
                0x0000000008000f40                z_arm_cpu_idle_init
 .text.arch_cpu_idle
                0x0000000008000f4c       0x10 zephyr/arch/arch/arm/core/cortex_m/libarch__arm__core__cortex_m.a(cpu_idle.S.obj)
                0x0000000008000f4c                arch_cpu_idle
 .text._isr_wrapper
                0x0000000008000f5c       0x28 zephyr/arch/arch/arm/core/cortex_m/libarch__arm__core__cortex_m.a(isr_wrapper.S.obj)
                0x0000000008000f5c                _isr_wrapper
 .text.z_impl_zephyr_fputc
                0x0000000008000f84       0x10 zephyr/lib/libc/picolibc/liblib__libc__picolibc.a(libc-hooks.c.obj)
                0x0000000008000f84                z_impl_zephyr_fputc
 .text.__stdout_hook_install
                0x0000000008000f94       0x18 zephyr/lib/libc/picolibc/liblib__libc__picolibc.a(libc-hooks.c.obj)
                0x0000000008000f94                __stdout_hook_install
 .text.malloc_prepare
                0x0000000008000fac       0x24 zephyr/lib/libc/common/liblib__libc__common.a(malloc.c.obj)
 .text.stm32_exti_isr
                0x0000000008000fd0       0x44 zephyr/drivers/interrupt_controller/libdrivers__interrupt_controller.a(intc_exti_stm32.c.obj)
 .text.stm32_exti_init
                0x0000000008001014       0x40 zephyr/drivers/interrupt_controller/libdrivers__interrupt_controller.a(intc_exti_stm32.c.obj)
 .text.stm32_exti_enable
                0x0000000008001054       0x24 zephyr/drivers/interrupt_controller/libdrivers__interrupt_controller.a(intc_exti_stm32.c.obj)
                0x0000000008001054                stm32_exti_enable
 .text.stm32_exti_disable
                0x0000000008001078       0x18 zephyr/drivers/interrupt_controller/libdrivers__interrupt_controller.a(intc_exti_stm32.c.obj)
                0x0000000008001078                stm32_exti_disable
 .text.stm32_exti_trigger
                0x0000000008001090       0x54 zephyr/drivers/interrupt_controller/libdrivers__interrupt_controller.a(intc_exti_stm32.c.obj)
                0x0000000008001090                stm32_exti_trigger
 .text.stm32_exti_set_callback
                0x00000000080010e4       0x2c zephyr/drivers/interrupt_controller/libdrivers__interrupt_controller.a(intc_exti_stm32.c.obj)
                0x00000000080010e4                stm32_exti_set_callback
 .text.stm32_exti_unset_callback
                0x0000000008001110       0x14 zephyr/drivers/interrupt_controller/libdrivers__interrupt_controller.a(intc_exti_stm32.c.obj)
                0x0000000008001110                stm32_exti_unset_callback
 .text.stm32_clock_control_on
                0x0000000008001124       0x24 zephyr/drivers/clock_control/libdrivers__clock_control.a(clock_stm32_ll_common.c.obj)
 .text.stm32_clock_control_off
                0x0000000008001148       0x24 zephyr/drivers/clock_control/libdrivers__clock_control.a(clock_stm32_ll_common.c.obj)
 .text.stm32_clock_control_configure
                0x000000000800116c       0x5c zephyr/drivers/clock_control/libdrivers__clock_control.a(clock_stm32_ll_common.c.obj)
 .text.stm32_clock_control_get_subsys_rate
                0x00000000080011c8       0x6c zephyr/drivers/clock_control/libdrivers__clock_control.a(clock_stm32_ll_common.c.obj)
 .text.stm32_clock_control_get_status
                0x0000000008001234       0x34 zephyr/drivers/clock_control/libdrivers__clock_control.a(clock_stm32_ll_common.c.obj)
 .text.stm32_clock_control_init
                0x0000000008001268       0xfc zephyr/drivers/clock_control/libdrivers__clock_control.a(clock_stm32_ll_common.c.obj)
                0x0000000008001268                stm32_clock_control_init
 .text.config_pll_sysclock
                0x0000000008001364       0x24 zephyr/drivers/clock_control/libdrivers__clock_control.a(clock_stm32f0_f3.c.obj)
                0x0000000008001364                config_pll_sysclock
 .text.get_pllout_frequency
                0x0000000008001388        0x8 zephyr/drivers/clock_control/libdrivers__clock_control.a(clock_stm32f0_f3.c.obj)
                0x0000000008001388                get_pllout_frequency
 .text.config_enable_default_clocks
                0x0000000008001390       0x30 zephyr/drivers/clock_control/libdrivers__clock_control.a(clock_stm32f0_f3.c.obj)
                0x0000000008001390                config_enable_default_clocks
 .text.uart_console_init
                0x00000000080013c0       0x2c zephyr/drivers/console/libdrivers__console.a(uart_console.c.obj)
 .text.console_out
                0x00000000080013ec       0x28 zephyr/drivers/console/libdrivers__console.a(uart_console.c.obj)
 .text.gpio_stm32_init
                0x0000000008001414       0x34 zephyr/drivers/gpio/libdrivers__gpio.a(gpio_stm32.c.obj)
 .text.gpio_stm32_pin_interrupt_configure
                0x0000000008001448       0xc0 zephyr/drivers/gpio/libdrivers__gpio.a(gpio_stm32.c.obj)
 .text.z_impl_hwinfo_get_device_id
                0x0000000008001508       0x3c zephyr/drivers/hwinfo/libdrivers__hwinfo.a(hwinfo_stm32.c.obj)
                0x0000000008001508                z_impl_hwinfo_get_device_id
 .text.pinctrl_configure_pins
                0x0000000008001544       0x8c zephyr/drivers/pinctrl/libdrivers__pinctrl.a(pinctrl_stm32.c.obj)
                0x0000000008001544                pinctrl_configure_pins
 .text.uart_stm32_set_baudrate
                0x00000000080015d0       0x40 zephyr/drivers/serial/libdrivers__serial.a(uart_stm32.c.obj)
 .text.uart_stm32_irq_err_enable
                0x0000000008001610       0x48 zephyr/drivers/serial/libdrivers__serial.a(uart_stm32.c.obj)
 .text.uart_stm32_irq_err_disable
                0x0000000008001658       0x4c zephyr/drivers/serial/libdrivers__serial.a(uart_stm32.c.obj)
 .text.uart_stm32_parameters_set
                0x00000000080016a4      0x15c zephyr/drivers/serial/libdrivers__serial.a(uart_stm32.c.obj)
 .text.uart_stm32_init
                0x0000000008001800      0x170 zephyr/drivers/serial/libdrivers__serial.a(uart_stm32.c.obj)
 .text.uart_stm32_configure
                0x0000000008001970      0x138 zephyr/drivers/serial/libdrivers__serial.a(uart_stm32.c.obj)
 .text.uart_stm32_config_get
                0x0000000008001aa8       0xa4 zephyr/drivers/serial/libdrivers__serial.a(uart_stm32.c.obj)
 .text.uart_stm32_fifo_fill
                0x0000000008001b4c       0x64 zephyr/drivers/serial/libdrivers__serial.a(uart_stm32.c.obj)
 .text.uart_stm32_fifo_read
                0x0000000008001bb0       0x54 zephyr/drivers/serial/libdrivers__serial.a(uart_stm32.c.obj)
 .text.elapsed  0x0000000008001c04       0x54 zephyr/drivers/timer/libdrivers__timer.a(cortex_m_systick.c.obj)
 .text.sys_clock_driver_init
                0x0000000008001c58       0x40 zephyr/drivers/timer/libdrivers__timer.a(cortex_m_systick.c.obj)
 .text.sys_clock_isr
                0x0000000008001c98       0x44 zephyr/drivers/timer/libdrivers__timer.a(cortex_m_systick.c.obj)
                0x0000000008001c98                sys_clock_isr
 .text.sys_clock_set_timeout
                0x0000000008001cdc       0xf4 zephyr/drivers/timer/libdrivers__timer.a(cortex_m_systick.c.obj)
                0x0000000008001cdc                sys_clock_set_timeout
 .text.sys_clock_elapsed
                0x0000000008001dd0       0x34 zephyr/drivers/timer/libdrivers__timer.a(cortex_m_systick.c.obj)
                0x0000000008001dd0                sys_clock_elapsed
 .text.HAL_RCC_GetSysClockFreq
                0x0000000008001e04       0x6c modules/stm32/stm32cube/lib..__modules__hal__stm32__stm32cube.a(stm32f0xx_hal_rcc.c.obj)
                0x0000000008001e04                HAL_RCC_GetSysClockFreq
 .text.LL_SetFlashLatency
                0x0000000008001e70       0x38 modules/stm32/stm32cube/lib..__modules__hal__stm32__stm32cube.a(stm32f0xx_ll_utils.c.obj)
                0x0000000008001e70                LL_SetFlashLatency
 .text.z_fatal_error
                0x0000000008001ea8       0x28 zephyr/kernel/libkernel.a(fatal.c.obj)
                0x0000000008001ea8                z_fatal_error
 .text.z_sys_init_run_level
                0x0000000008001ed0       0x54 zephyr/kernel/libkernel.a(init.c.obj)
 .text.bg_thread_main
                0x0000000008001f24       0x34 zephyr/kernel/libkernel.a(init.c.obj)
 .text.z_bss_zero
                0x0000000008001f58       0x18 zephyr/kernel/libkernel.a(init.c.obj)
                0x0000000008001f58                z_bss_zero
 .text.z_init_cpu
                0x0000000008001f70       0x74 zephyr/kernel/libkernel.a(init.c.obj)
                0x0000000008001f70                z_init_cpu
 .text.z_cstart
                0x0000000008001fe4       0xb0 zephyr/kernel/libkernel.a(init.c.obj)
                0x0000000008001fe4                z_cstart
 .text.z_setup_new_thread
                0x0000000008002094       0x70 zephyr/kernel/libkernel.a(thread.c.obj)
                0x0000000008002094                z_setup_new_thread
 .text.z_impl_k_thread_create
                0x0000000008002104       0x58 zephyr/kernel/libkernel.a(thread.c.obj)
                0x0000000008002104                z_impl_k_thread_create
 .text.z_init_static_threads
                0x000000000800215c       0x7c zephyr/kernel/libkernel.a(thread.c.obj)
                0x000000000800215c                z_init_static_threads
 .text.z_impl_k_sem_give
                0x00000000080021d8       0x44 zephyr/kernel/libkernel.a(sem.c.obj)
                0x00000000080021d8                z_impl_k_sem_give
 .text.k_sys_work_q_init
                0x000000000800221c       0x34 zephyr/kernel/libkernel.a(system_work_q.c.obj)
 .text.work_queue_main
                0x0000000008002250      0x124 zephyr/kernel/libkernel.a(work.c.obj)
 .text.submit_to_queue_locked
                0x0000000008002374       0xd0 zephyr/kernel/libkernel.a(work.c.obj)
 .text.k_work_queue_start
                0x0000000008002444       0x7c zephyr/kernel/libkernel.a(work.c.obj)
                0x0000000008002444                k_work_queue_start
 .text.sliceable
                0x00000000080024c0       0x40 zephyr/kernel/libkernel.a(sched.c.obj)
 .text.slice_timeout
                0x0000000008002500       0x20 zephyr/kernel/libkernel.a(sched.c.obj)
 .text.z_reset_time_slice
                0x0000000008002520       0x4c zephyr/kernel/libkernel.a(sched.c.obj)
                0x0000000008002520                z_reset_time_slice
 .text.update_cache
                0x000000000800256c       0x44 zephyr/kernel/libkernel.a(sched.c.obj)
 .text.move_thread_to_end_of_prio_q
                0x00000000080025b0       0x78 zephyr/kernel/libkernel.a(sched.c.obj)
 .text.ready_thread
                0x0000000008002628       0x6c zephyr/kernel/libkernel.a(sched.c.obj)
 .text.unready_thread
                0x0000000008002694       0x2c zephyr/kernel/libkernel.a(sched.c.obj)
 .text.pend_locked
                0x00000000080026c0       0x2c zephyr/kernel/libkernel.a(sched.c.obj)
 .text.z_time_slice
                0x00000000080026ec       0x58 zephyr/kernel/libkernel.a(sched.c.obj)
                0x00000000080026ec                z_time_slice
 .text.z_pend_curr
                0x0000000008002744       0x30 zephyr/kernel/libkernel.a(sched.c.obj)
                0x0000000008002744                z_pend_curr
 .text.z_reschedule
                0x0000000008002774       0x2c zephyr/kernel/libkernel.a(sched.c.obj)
                0x0000000008002774                z_reschedule
 .text.z_sched_start
                0x00000000080027a0       0x34 zephyr/kernel/libkernel.a(sched.c.obj)
                0x00000000080027a0                z_sched_start
 .text.z_impl_k_thread_suspend
                0x00000000080027d4       0x58 zephyr/kernel/libkernel.a(sched.c.obj)
                0x00000000080027d4                z_impl_k_thread_suspend
 .text.k_sched_lock
                0x000000000800282c       0x20 zephyr/kernel/libkernel.a(sched.c.obj)
                0x000000000800282c                k_sched_lock
 .text.k_sched_unlock
                0x000000000800284c       0x2c zephyr/kernel/libkernel.a(sched.c.obj)
                0x000000000800284c                k_sched_unlock
 .text.z_sched_init
                0x0000000008002878       0x14 zephyr/kernel/libkernel.a(sched.c.obj)
                0x0000000008002878                z_sched_init
 .text.z_impl_k_yield
                0x000000000800288c       0x78 zephyr/kernel/libkernel.a(sched.c.obj)
                0x000000000800288c                z_impl_k_yield
 .text.z_tick_sleep
                0x0000000008002904       0x8c zephyr/kernel/libkernel.a(sched.c.obj)
 .text.z_impl_k_sleep
                0x0000000008002990       0x30 zephyr/kernel/libkernel.a(sched.c.obj)
                0x0000000008002990                z_impl_k_sleep
 .text.z_impl_k_sched_current_thread_query
                0x00000000080029c0        0xc zephyr/kernel/libkernel.a(sched.c.obj)
                0x00000000080029c0                z_impl_k_sched_current_thread_query
 .text.z_thread_abort
                0x00000000080029cc       0xb8 zephyr/kernel/libkernel.a(sched.c.obj)
                0x00000000080029cc                z_thread_abort
 .text.z_sched_wait
                0x0000000008002a84       0x24 zephyr/kernel/libkernel.a(sched.c.obj)
                0x0000000008002a84                z_sched_wait
 .text.z_data_copy
                0x0000000008002aa8       0x34 zephyr/kernel/libkernel.a(xip.c.obj)
                0x0000000008002aa8                z_data_copy
 .text.elapsed  0x0000000008002adc       0x18 zephyr/kernel/libkernel.a(timeout.c.obj)
 .text.next_timeout
                0x0000000008002af4       0x44 zephyr/kernel/libkernel.a(timeout.c.obj)
 .text.remove_timeout
                0x0000000008002b38       0x38 zephyr/kernel/libkernel.a(timeout.c.obj)
 .text.z_add_timeout
                0x0000000008002b70       0xdc zephyr/kernel/libkernel.a(timeout.c.obj)
                0x0000000008002b70                z_add_timeout
 .text.sys_clock_announce
                0x0000000008002c4c       0xdc zephyr/kernel/libkernel.a(timeout.c.obj)
                0x0000000008002c4c                sys_clock_announce
 .text.sys_clock_tick_get
                0x0000000008002d28       0x2c zephyr/kernel/libkernel.a(timeout.c.obj)
                0x0000000008002d28                sys_clock_tick_get
 .text.boot_banner
                0x0000000008002d54       0x10 zephyr/kernel/libkernel.a(banner.c.obj)
                0x0000000008002d54                boot_banner
 .text.__ultoa_invert
                0x0000000008002d64       0x40 /Users/henrychen/zephyr-sdk-0.16.3/arm-zephyr-eabi/bin/../lib/gcc/../../picolibc/arm-zephyr-eabi/lib/thumb/v6-m/nofp/libc.a(libc_tinystdio_vfiprintf.c.o)
 .text.__i_vfprintf
                0x0000000008002da4      0x478 /Users/henrychen/zephyr-sdk-0.16.3/arm-zephyr-eabi/bin/../lib/gcc/../../picolibc/arm-zephyr-eabi/lib/thumb/v6-m/nofp/libc.a(libc_tinystdio_vfiprintf.c.o)
                0x0000000008002da4                __i_vfprintf
 .text._OffsetAbsSyms
                0x000000000800321c        0x2 zephyr/CMakeFiles/offsets.dir/./arch/arm/core/offsets/offsets.c.obj
                0x000000000800321c                _OffsetAbsSyms
 .text.arch_printk_char_out
                0x000000000800321e        0x4 zephyr/libzephyr.a(printk.c.obj)
                0x000000000800321e                arch_printk_char_out
 .text.printk   0x0000000008003222       0x16 zephyr/libzephyr.a(printk.c.obj)
                0x0000000008003222                printk
 .text.chunk_size
                0x0000000008003238        0xa zephyr/libzephyr.a(heap.c.obj)
 .text.free_list_add
                0x0000000008003242       0x4e zephyr/libzephyr.a(heap.c.obj)
 .text.sys_heap_init
                0x0000000008003290       0x74 zephyr/libzephyr.a(heap.c.obj)
                0x0000000008003290                sys_heap_init
 .text._ConfigAbsSyms
                0x0000000008003304        0x2 zephyr/libzephyr.a(configs.c.obj)
                0x0000000008003304                _ConfigAbsSyms
 .text.get_ep_bm_from_addr
                0x0000000008003306       0x22 zephyr/libzephyr.a(usb_device.c.obj)
 .text.z_arm_fatal_error
                0x0000000008003328        0x8 zephyr/arch/arch/arm/core/libarch__arm__core.a(fatal.c.obj)
                0x0000000008003328                z_arm_fatal_error
 .text.z_do_kernel_oops
                0x0000000008003330        0xc zephyr/arch/arch/arm/core/libarch__arm__core.a(fatal.c.obj)
                0x0000000008003330                z_do_kernel_oops
 .text.z_arm_nmi
                0x000000000800333c        0xc zephyr/arch/arch/arm/core/libarch__arm__core.a(nmi.c.obj)
                0x000000000800333c                z_arm_nmi
 .text.z_arm_fault_init
                0x0000000008003348        0x2 zephyr/arch/arch/arm/core/cortex_m/libarch__arm__core__cortex_m.a(fault.c.obj)
                0x0000000008003348                z_arm_fault_init
 .text.z_irq_spurious
                0x000000000800334a        0xc zephyr/arch/arch/arm/core/cortex_m/libarch__arm__core__cortex_m.a(irq_manage.c.obj)
                0x000000000800334a                z_irq_spurious
 .text.z_arm_prep_c
                0x0000000008003356       0x16 zephyr/arch/arch/arm/core/cortex_m/libarch__arm__core__cortex_m.a(prep_c.c.obj)
                0x0000000008003356                z_arm_prep_c
 .text.picolibc_put
                0x000000000800336c        0xa zephyr/lib/libc/picolibc/liblib__libc__picolibc.a(libc-hooks.c.obj)
 .text.gpio_stm32_port_get_raw
                0x0000000008003376        0xc zephyr/drivers/gpio/libdrivers__gpio.a(gpio_stm32.c.obj)
 .text.gpio_stm32_port_set_masked_raw
                0x0000000008003382       0x12 zephyr/drivers/gpio/libdrivers__gpio.a(gpio_stm32.c.obj)
 .text.gpio_stm32_port_set_bits_raw
                0x0000000008003394        0xa zephyr/drivers/gpio/libdrivers__gpio.a(gpio_stm32.c.obj)
 .text.gpio_stm32_port_clear_bits_raw
                0x000000000800339e        0xa zephyr/drivers/gpio/libdrivers__gpio.a(gpio_stm32.c.obj)
 .text.gpio_stm32_port_toggle_bits
                0x00000000080033a8        0xe zephyr/drivers/gpio/libdrivers__gpio.a(gpio_stm32.c.obj)
 .text.gpio_stm32_manage_callback
                0x00000000080033b6       0x58 zephyr/drivers/gpio/libdrivers__gpio.a(gpio_stm32.c.obj)
 .text.gpio_stm32_configure_raw.isra.0
                0x000000000800340e       0xa2 zephyr/drivers/gpio/libdrivers__gpio.a(gpio_stm32.c.obj)
 .text.gpio_stm32_config
                0x00000000080034b0       0x70 zephyr/drivers/gpio/libdrivers__gpio.a(gpio_stm32.c.obj)
 .text.gpio_stm32_isr
                0x0000000008003520       0x34 zephyr/drivers/gpio/libdrivers__gpio.a(gpio_stm32.c.obj)
 .text.gpio_stm32_configure
                0x0000000008003554       0x2a zephyr/drivers/gpio/libdrivers__gpio.a(gpio_stm32.c.obj)
                0x0000000008003554                gpio_stm32_configure
 .text.pinctrl_lookup_state
                0x000000000800357e       0x26 zephyr/drivers/pinctrl/libdrivers__pinctrl.a(common.c.obj)
                0x000000000800357e                pinctrl_lookup_state
 .text.reset_stm32_status
                0x00000000080035a4       0x20 zephyr/drivers/reset/libdrivers__reset.a(reset_stm32.c.obj)
 .text.reset_stm32_line_assert
                0x00000000080035c4       0x1c zephyr/drivers/reset/libdrivers__reset.a(reset_stm32.c.obj)
 .text.reset_stm32_line_deassert
                0x00000000080035e0       0x1c zephyr/drivers/reset/libdrivers__reset.a(reset_stm32.c.obj)
 .text.reset_stm32_line_toggle
                0x00000000080035fc       0x16 zephyr/drivers/reset/libdrivers__reset.a(reset_stm32.c.obj)
 .text.uart_stm32_ll2cfg_databits
                0x0000000008003612       0x2c zephyr/drivers/serial/libdrivers__serial.a(uart_stm32.c.obj)
 .text.uart_stm32_err_check
                0x000000000800363e       0x66 zephyr/drivers/serial/libdrivers__serial.a(uart_stm32.c.obj)
 .text.uart_stm32_irq_tx_enable
                0x00000000080036a4       0x1c zephyr/drivers/serial/libdrivers__serial.a(uart_stm32.c.obj)
 .text.uart_stm32_irq_tx_disable
                0x00000000080036c0       0x1c zephyr/drivers/serial/libdrivers__serial.a(uart_stm32.c.obj)
 .text.uart_stm32_irq_rx_enable
                0x00000000080036dc       0x1c zephyr/drivers/serial/libdrivers__serial.a(uart_stm32.c.obj)
 .text.uart_stm32_irq_rx_disable
                0x00000000080036f8       0x1c zephyr/drivers/serial/libdrivers__serial.a(uart_stm32.c.obj)
 .text.uart_stm32_irq_rx_ready
                0x0000000008003714        0xc zephyr/drivers/serial/libdrivers__serial.a(uart_stm32.c.obj)
 .text.uart_stm32_irq_update
                0x0000000008003720        0x4 zephyr/drivers/serial/libdrivers__serial.a(uart_stm32.c.obj)
 .text.uart_stm32_irq_callback_set
                0x0000000008003724        0x8 zephyr/drivers/serial/libdrivers__serial.a(uart_stm32.c.obj)
 .text.uart_stm32_isr
                0x000000000800372c       0x10 zephyr/drivers/serial/libdrivers__serial.a(uart_stm32.c.obj)
 .text.uart_stm32_irq_config_func_0
                0x000000000800373c       0x14 zephyr/drivers/serial/libdrivers__serial.a(uart_stm32.c.obj)
 .text.uart_stm32_irq_tx_complete
                0x0000000008003750        0xc zephyr/drivers/serial/libdrivers__serial.a(uart_stm32.c.obj)
 .text.uart_stm32_irq_tx_ready
                0x000000000800375c       0x14 zephyr/drivers/serial/libdrivers__serial.a(uart_stm32.c.obj)
 .text.uart_stm32_poll_out
                0x0000000008003770       0x38 zephyr/drivers/serial/libdrivers__serial.a(uart_stm32.c.obj)
 .text.uart_stm32_irq_is_pending
                0x00000000080037a8       0x24 zephyr/drivers/serial/libdrivers__serial.a(uart_stm32.c.obj)
 .text.uart_stm32_poll_in
                0x00000000080037cc       0x26 zephyr/drivers/serial/libdrivers__serial.a(uart_stm32.c.obj)
 .text.z_device_state_init
                0x00000000080037f2        0x2 zephyr/kernel/libkernel.a(device.c.obj)
                0x00000000080037f2                z_device_state_init
 .text.z_device_is_ready
                0x00000000080037f4       0x1a zephyr/kernel/libkernel.a(device.c.obj)
                0x00000000080037f4                z_device_is_ready
 .text.arch_system_halt
                0x000000000800380e        0x8 zephyr/kernel/libkernel.a(fatal.c.obj)
                0x000000000800380e                arch_system_halt
 .text.k_sys_fatal_error_handler
                0x0000000008003816        0x6 zephyr/kernel/libkernel.a(fatal.c.obj)
                0x0000000008003816                k_sys_fatal_error_handler
 .text.z_early_memset
                0x000000000800381c        0x8 zephyr/kernel/libkernel.a(init.c.obj)
                0x000000000800381c                z_early_memset
 .text.z_early_memcpy
                0x0000000008003824        0x8 zephyr/kernel/libkernel.a(init.c.obj)
                0x0000000008003824                z_early_memcpy
 .text.k_is_in_isr
                0x000000000800382c        0xc zephyr/kernel/libkernel.a(thread.c.obj)
                0x000000000800382c                k_is_in_isr
 .text.z_impl_k_thread_name_set
                0x0000000008003838        0x6 zephyr/kernel/libkernel.a(thread.c.obj)
                0x0000000008003838                z_impl_k_thread_name_set
 .text.z_impl_k_thread_start
                0x000000000800383e        0x8 zephyr/kernel/libkernel.a(thread.c.obj)
                0x000000000800383e                z_impl_k_thread_start
 .text.idle     0x0000000008003846        0xe zephyr/kernel/libkernel.a(idle.c.obj)
                0x0000000008003846                idle
 .text.flag_test_and_clear
                0x0000000008003854       0x18 zephyr/kernel/libkernel.a(work.c.obj)
 .text.notify_queue_locked.isra.0
                0x000000000800386c       0x12 zephyr/kernel/libkernel.a(work.c.obj)
 .text.z_work_submit_to_queue
                0x000000000800387e       0x1e zephyr/kernel/libkernel.a(work.c.obj)
                0x000000000800387e                z_work_submit_to_queue
 .text.k_work_submit_to_queue
                0x000000000800389c       0x18 zephyr/kernel/libkernel.a(work.c.obj)
                0x000000000800389c                k_work_submit_to_queue
 .text.sys_dlist_remove
                0x00000000080038b4       0x10 zephyr/kernel/libkernel.a(sched.c.obj)
 .text.unpend_thread_no_timeout
                0x00000000080038c4       0x16 zephyr/kernel/libkernel.a(sched.c.obj)
 .text.add_to_waitq_locked
                0x00000000080038da       0x52 zephyr/kernel/libkernel.a(sched.c.obj)
 .text.z_ready_thread
                0x000000000800392c       0x18 zephyr/kernel/libkernel.a(sched.c.obj)
                0x000000000800392c                z_ready_thread
 .text.z_sched_wake_thread
                0x0000000008003944       0x3e zephyr/kernel/libkernel.a(sched.c.obj)
                0x0000000008003944                z_sched_wake_thread
 .text.z_thread_timeout
                0x0000000008003982        0xc zephyr/kernel/libkernel.a(sched.c.obj)
                0x0000000008003982                z_thread_timeout
 .text.z_unpend_first_thread
                0x000000000800398e       0x32 zephyr/kernel/libkernel.a(sched.c.obj)
                0x000000000800398e                z_unpend_first_thread
 .text.z_reschedule_irqlock
                0x00000000080039c0       0x1c zephyr/kernel/libkernel.a(sched.c.obj)
                0x00000000080039c0                z_reschedule_irqlock
 .text.z_reschedule_unlocked
                0x00000000080039dc        0xe zephyr/kernel/libkernel.a(sched.c.obj)
 .text.z_impl_k_usleep
                0x00000000080039ea       0x22 zephyr/kernel/libkernel.a(sched.c.obj)
                0x00000000080039ea                z_impl_k_usleep
 .text.z_sched_wake
                0x0000000008003a0c       0x3c zephyr/kernel/libkernel.a(sched.c.obj)
                0x0000000008003a0c                z_sched_wake
 .text.z_abort_timeout
                0x0000000008003a48       0x26 zephyr/kernel/libkernel.a(timeout.c.obj)
                0x0000000008003a48                z_abort_timeout
 .text.sys_clock_tick_get_32
                0x0000000008003a6e        0x8 zephyr/kernel/libkernel.a(timeout.c.obj)
                0x0000000008003a6e                sys_clock_tick_get_32
 .text.z_impl_atomic_add
                0x0000000008003a76       0x1a zephyr/kernel/libkernel.a(atomic_c.c.obj)
                0x0000000008003a76                z_impl_atomic_add
 .text.memcpy   0x0000000008003a90       0x12 /Users/henrychen/zephyr-sdk-0.16.3/arm-zephyr-eabi/bin/../lib/gcc/../../picolibc/arm-zephyr-eabi/lib/thumb/v6-m/nofp/libc.a(memcpy.c.o)
                0x0000000008003a90                memcpy
                0x0000000008003a90                __aeabi_memcpy
                0x0000000008003a90                __aeabi_memcpy4
                0x0000000008003a90                __aeabi_memcpy8
 .text.memset   0x0000000008003aa2       0x10 /Users/henrychen/zephyr-sdk-0.16.3/arm-zephyr-eabi/bin/../lib/gcc/../../picolibc/arm-zephyr-eabi/lib/thumb/v6-m/nofp/libc.a(memset.c.o)
                0x0000000008003aa2                memset
 .text.strnlen  0x0000000008003ab2       0x16 /Users/henrychen/zephyr-sdk-0.16.3/arm-zephyr-eabi/bin/../lib/gcc/../../picolibc/arm-zephyr-eabi/lib/thumb/v6-m/nofp/libc.a(libc_string_strnlen.c.o)
                0x0000000008003ab2                strnlen
 *(SORT_BY_ALIGNMENT(.TEXT.*))
 .TEXT.__aeabi_read_tp
                0x0000000008003ac8        0xc zephyr/arch/arch/arm/core/cortex_m/libarch__arm__core__cortex_m.a(__aeabi_read_tp.S.obj)
                0x0000000008003ac8                __aeabi_read_tp
 *(SORT_BY_ALIGNMENT(.gnu.linkonce.t.*))
 *(SORT_BY_ALIGNMENT(.glue_7t))
 .glue_7t       0x0000000008003ad4        0x0 linker stubs
 *(SORT_BY_ALIGNMENT(.glue_7))
 .glue_7        0x0000000008003ad4        0x0 linker stubs
 *(SORT_BY_ALIGNMENT(.vfp11_veneer))
 .vfp11_veneer  0x0000000008003ad4        0x0 linker stubs
 *(SORT_BY_ALIGNMENT(.v4_bx))
 .v4_bx         0x0000000008003ad4        0x0 linker stubs
                0x0000000008003ad4                . = ALIGN (0x4)
                0x0000000008003ad4                __text_region_end = .

.ARM.exidx      0x0000000008003ad4        0x8
                0x0000000008003ad4                __exidx_start = .
 *(SORT_BY_ALIGNMENT(.ARM.exidx*) SORT_BY_ALIGNMENT(gnu.linkonce.armexidx.*))
 .ARM.exidx     0x0000000008003ad4        0x8 /Users/henrychen/zephyr-sdk-0.16.3/arm-zephyr-eabi/bin/../lib/gcc/arm-zephyr-eabi/12.2.0/thumb/v6-m/nofp/libgcc.a(_udivmoddi4.o)
                0x0000000008003adc                __exidx_end = .
                0x0000000008003adc                __rodata_region_start = .

initlevel       0x0000000008003adc       0x80
                0x0000000008003adc                __init_start = .
                0x0000000008003adc                __init_EARLY_start = .
 *(SORT_BY_NAME(SORT_BY_ALIGNMENT(.z_init_EARLY?_*)))
 *(SORT_BY_NAME(SORT_BY_ALIGNMENT(.z_init_EARLY??_*)))
                0x0000000008003adc                __init_PRE_KERNEL_1_start = .
 *(SORT_BY_NAME(SORT_BY_ALIGNMENT(.z_init_PRE_KERNEL_1?_*)))
 .z_init_PRE_KERNEL_10_0_
                0x0000000008003adc        0x8 zephyr/libzephyr.a(soc.c.obj)
 .z_init_PRE_KERNEL_11_00008_
                0x0000000008003ae4        0x8 zephyr/drivers/clock_control/libdrivers__clock_control.a(clock_stm32_ll_common.c.obj)
 .z_init_PRE_KERNEL_11_0_
                0x0000000008003aec        0x8 zephyr/libzephyr.a(soc_config.c.obj)
 *(SORT_BY_NAME(SORT_BY_ALIGNMENT(.z_init_PRE_KERNEL_1??_*)))
 .z_init_PRE_KERNEL_135_00026_
                0x0000000008003af4        0x8 zephyr/drivers/reset/libdrivers__reset.a(reset_stm32.c.obj)
 .z_init_PRE_KERNEL_140_00023_
                0x0000000008003afc        0x8 zephyr/drivers/gpio/libdrivers__gpio.a(gpio_stm32.c.obj)
 .z_init_PRE_KERNEL_140_00036_
                0x0000000008003b04        0x8 zephyr/drivers/interrupt_controller/libdrivers__interrupt_controller.a(intc_exti_stm32.c.obj)
 .z_init_PRE_KERNEL_140_00042_
                0x0000000008003b0c        0x8 zephyr/drivers/gpio/libdrivers__gpio.a(gpio_stm32.c.obj)
 .z_init_PRE_KERNEL_140_00056_
                0x0000000008003b14        0x8 zephyr/drivers/gpio/libdrivers__gpio.a(gpio_stm32.c.obj)
 .z_init_PRE_KERNEL_140_00057_
                0x0000000008003b1c        0x8 zephyr/drivers/gpio/libdrivers__gpio.a(gpio_stm32.c.obj)
 .z_init_PRE_KERNEL_140_00058_
                0x0000000008003b24        0x8 zephyr/drivers/gpio/libdrivers__gpio.a(gpio_stm32.c.obj)
 .z_init_PRE_KERNEL_155_00039_
                0x0000000008003b2c        0x8 zephyr/drivers/serial/libdrivers__serial.a(uart_stm32.c.obj)
 .z_init_PRE_KERNEL_160_0_
                0x0000000008003b34        0x8 zephyr/drivers/console/libdrivers__console.a(uart_console.c.obj)
                0x0000000008003b3c                __init_PRE_KERNEL_2_start = .
 *(SORT_BY_NAME(SORT_BY_ALIGNMENT(.z_init_PRE_KERNEL_2?_*)))
 .z_init_PRE_KERNEL_20_0_
                0x0000000008003b3c        0x8 zephyr/drivers/timer/libdrivers__timer.a(cortex_m_systick.c.obj)
 *(SORT_BY_NAME(SORT_BY_ALIGNMENT(.z_init_PRE_KERNEL_2??_*)))
                0x0000000008003b44                __init_POST_KERNEL_start = .
 *(SORT_BY_NAME(SORT_BY_ALIGNMENT(.z_init_POST_KERNEL?_*)))
 *(SORT_BY_NAME(SORT_BY_ALIGNMENT(.z_init_POST_KERNEL??_*)))
 .z_init_POST_KERNEL40_0_
                0x0000000008003b44        0x8 zephyr/lib/libc/common/liblib__libc__common.a(malloc.c.obj)
 .z_init_POST_KERNEL40_0_
                0x0000000008003b4c        0x8 zephyr/kernel/libkernel.a(system_work_q.c.obj)
 .z_init_POST_KERNEL90_0_
                0x0000000008003b54        0x8 zephyr/libzephyr.a(usb_device.c.obj)
                0x0000000008003b5c                __init_APPLICATION_start = .
 *(SORT_BY_NAME(SORT_BY_ALIGNMENT(.z_init_APPLICATION?_*)))
 *(SORT_BY_NAME(SORT_BY_ALIGNMENT(.z_init_APPLICATION??_*)))
                0x0000000008003b5c                __init_SMP_start = .
 *(SORT_BY_NAME(SORT_BY_ALIGNMENT(.z_init_SMP?_*)))
 *(SORT_BY_NAME(SORT_BY_ALIGNMENT(.z_init_SMP??_*)))
                0x0000000008003b5c                __init_end = .

device_area     0x0000000008003b5c       0xb4
                0x0000000008003b5c                _device_list_start = .
 *(SORT_BY_NAME(SORT_BY_ALIGNMENT(._device.static.*_?_*)))
 ._device.static.1_1_
                0x0000000008003b5c       0x14 zephyr/drivers/clock_control/libdrivers__clock_control.a(clock_stm32_ll_common.c.obj)
                0x0000000008003b5c                __device_dts_ord_8
 *(SORT_BY_NAME(SORT_BY_ALIGNMENT(._device.static.*_??_*)))
 ._device.static.1_35_
                0x0000000008003b70       0x14 zephyr/drivers/reset/libdrivers__reset.a(reset_stm32.c.obj)
                0x0000000008003b70                __device_dts_ord_26
 ._device.static.1_40_
                0x0000000008003b84       0x14 zephyr/drivers/interrupt_controller/libdrivers__interrupt_controller.a(intc_exti_stm32.c.obj)
                0x0000000008003b84                __device_dts_ord_36
 ._device.static.1_40_
                0x0000000008003b98       0x64 zephyr/drivers/gpio/libdrivers__gpio.a(gpio_stm32.c.obj)
                0x0000000008003b98                __device_dts_ord_58
                0x0000000008003bac                __device_dts_ord_57
                0x0000000008003bc0                __device_dts_ord_56
                0x0000000008003bd4                __device_dts_ord_23
                0x0000000008003be8                __device_dts_ord_42
 ._device.static.1_55_
                0x0000000008003bfc       0x14 zephyr/drivers/serial/libdrivers__serial.a(uart_stm32.c.obj)
                0x0000000008003bfc                __device_dts_ord_39
                0x0000000008003c10                _device_list_end = .

sw_isr_table    0x0000000008003c10      0x100
                0x0000000008003c10                . = ALIGN (0x4)
 *(SORT_BY_ALIGNMENT(.gnu.linkonce.sw_isr_table*))
 .gnu.linkonce.sw_isr_table
                0x0000000008003c10      0x100 zephyr/arch/common/libisr_tables.a(isr_tables.c.obj)
                0x0000000008003c10                _sw_isr_table

initlevel_error
                0x0000000008003adc        0x0
 *(SORT_BY_NAME(SORT_BY_ALIGNMENT(.z_init_[_A-Z0-9]*)))
                0x0000000000000001                ASSERT ((SIZEOF (initlevel_error) == 0x0), Undefined initialization levels used.)

app_shmem_regions
                0x0000000008003d10        0x0
                0x0000000008003d10                __app_shmem_regions_start = .
 *(SORT_BY_NAME(SORT_BY_ALIGNMENT(.app_regions.*)))
                0x0000000008003d10                __app_shmem_regions_end = .

k_p4wq_initparam_area
                0x0000000008003d10        0x0
                0x0000000008003d10                _k_p4wq_initparam_list_start = .
 *(SORT_BY_NAME(SORT_BY_ALIGNMENT(._k_p4wq_initparam.static.*)))
                0x0000000008003d10                _k_p4wq_initparam_list_end = .

_static_thread_data_area
                0x0000000008003d10        0x0
                0x0000000008003d10                __static_thread_data_list_start = .
 *(SORT_BY_NAME(SORT_BY_ALIGNMENT(.__static_thread_data.static.*)))
                0x0000000008003d10                __static_thread_data_list_end = .

device_deps     0x0000000008003d10        0x0
                0x0000000008003d10                __device_deps_start = .
 *(SORT_BY_NAME(SORT_BY_ALIGNMENT(.__device_deps_pass2*)))
                0x0000000008003d10                __device_deps_end = .

ztest           0x0000000008003d10        0x0
                0x0000000008003d10                _ztest_expected_result_entry_list_start = .
 *(SORT_BY_NAME(SORT_BY_ALIGNMENT(._ztest_expected_result_entry.static.*)))
                0x0000000008003d10                _ztest_expected_result_entry_list_end = .
                0x0000000008003d10                _ztest_suite_node_list_start = .
 *(SORT_BY_NAME(SORT_BY_ALIGNMENT(._ztest_suite_node.static.*)))
                0x0000000008003d10                _ztest_suite_node_list_end = .
                0x0000000008003d10                _ztest_unit_test_list_start = .
 *(SORT_BY_NAME(SORT_BY_ALIGNMENT(._ztest_unit_test.static.*)))
                0x0000000008003d10                _ztest_unit_test_list_end = .
                0x0000000008003d10                _ztest_test_rule_list_start = .
 *(SORT_BY_NAME(SORT_BY_ALIGNMENT(._ztest_test_rule.static.*)))
                0x0000000008003d10                _ztest_test_rule_list_end = .

bt_l2cap_fixed_chan_area
                0x0000000008003d10        0x0
                0x0000000008003d10                _bt_l2cap_fixed_chan_list_start = .
 *(SORT_BY_NAME(SORT_BY_ALIGNMENT(._bt_l2cap_fixed_chan.static.*)))
                0x0000000008003d10                _bt_l2cap_fixed_chan_list_end = .

bt_gatt_service_static_area
                0x0000000008003d10        0x0
                0x0000000008003d10                _bt_gatt_service_static_list_start = .
 *(SORT_BY_NAME(SORT_BY_ALIGNMENT(._bt_gatt_service_static.static.*)))
                0x0000000008003d10                _bt_gatt_service_static_list_end = .

log_strings_area
                0x0000000008003d10        0x0
                0x0000000008003d10                _log_strings_list_start = .
 *(SORT_BY_NAME(SORT_BY_ALIGNMENT(._log_strings.static.*)))
                0x0000000008003d10                _log_strings_list_end = .

log_const_area  0x0000000008003d10        0x0
                0x0000000008003d10                _log_const_list_start = .
 *(SORT_BY_NAME(SORT_BY_ALIGNMENT(._log_const.static.*)))
                0x0000000008003d10                _log_const_list_end = .

log_backend_area
                0x0000000008003d10        0x0
                0x0000000008003d10                _log_backend_list_start = .
 *(SORT_BY_NAME(SORT_BY_ALIGNMENT(._log_backend.static.*)))
                0x0000000008003d10                _log_backend_list_end = .

log_link_area   0x0000000008003d10        0x0
                0x0000000008003d10                _log_link_list_start = .
 *(SORT_BY_NAME(SORT_BY_ALIGNMENT(._log_link.static.*)))
                0x0000000008003d10                _log_link_list_end = .

tracing_backend_area
                0x0000000008003d10        0x0
                0x0000000008003d10                _tracing_backend_list_start = .
 *(SORT_BY_NAME(SORT_BY_ALIGNMENT(._tracing_backend.static.*)))
                0x0000000008003d10                _tracing_backend_list_end = .

zephyr_dbg_info
 *(SORT_BY_ALIGNMENT(.dbg_thread_info))

symbol_to_keep  0x0000000008003d10        0x0
                0x0000000008003d10                __symbol_to_keep_start = .
 *(SORT_BY_NAME(SORT_BY_ALIGNMENT(.symbol_to_keep*)))
                0x0000000008003d10                __symbol_to_keep_end = .

shell_area      0x0000000008003d10        0x0
                0x0000000008003d10                _shell_list_start = .
 *(SORT_BY_NAME(SORT_BY_ALIGNMENT(._shell.static.*)))
                0x0000000008003d10                _shell_list_end = .

shell_root_cmds_area
                0x0000000008003d10        0x0
                0x0000000008003d10                _shell_root_cmds_list_start = .
 *(SORT_BY_NAME(SORT_BY_ALIGNMENT(._shell_root_cmds.static.*)))
                0x0000000008003d10                _shell_root_cmds_list_end = .

shell_subcmds_area
                0x0000000008003d10        0x0
                0x0000000008003d10                _shell_subcmds_list_start = .
 *(SORT_BY_NAME(SORT_BY_ALIGNMENT(._shell_subcmds.static.*)))
                0x0000000008003d10                _shell_subcmds_list_end = .

shell_dynamic_subcmds_area
                0x0000000008003d10        0x0
                0x0000000008003d10                _shell_dynamic_subcmds_list_start = .
 *(SORT_BY_NAME(SORT_BY_ALIGNMENT(._shell_dynamic_subcmds.static.*)))
                0x0000000008003d10                _shell_dynamic_subcmds_list_end = .

cfb_font_area   0x0000000008003d10        0x0
                0x0000000008003d10                _cfb_font_list_start = .
 *(SORT_BY_NAME(SORT_BY_ALIGNMENT(._cfb_font.static.*)))
                0x0000000008003d10                _cfb_font_list_end = .

tdata           0x0000000008003d10        0x0
 *(SORT_BY_ALIGNMENT(.tdata) SORT_BY_ALIGNMENT(.tdata.*) SORT_BY_ALIGNMENT(.gnu.linkonce.td.*))

tbss            0x0000000008003d10        0x4
 *(SORT_BY_ALIGNMENT(.tbss) SORT_BY_ALIGNMENT(.tbss.*) SORT_BY_ALIGNMENT(.gnu.linkonce.tb.*) SORT_BY_ALIGNMENT(.tcommon))
 .tbss.z_tls_current
                0x0000000008003d10        0x4 zephyr/libzephyr.a(thread_entry.c.obj)
                0x0000000008003d10                z_tls_current
                0x0000000008003d10                PROVIDE (__tdata_start = LOADADDR (tdata))
                0x0000000000000000                PROVIDE (__tdata_size = SIZEOF (tdata))
                [!provide]                        PROVIDE (__tdata_end = (__tdata_start + __tdata_size))
                0x0000000000000001                PROVIDE (__tdata_align = ALIGNOF (tdata))
                [!provide]                        PROVIDE (__tbss_start = ADDR (tbss))
                0x0000000000000004                PROVIDE (__tbss_size = SIZEOF (tbss))
                [!provide]                        PROVIDE (__tbss_end = (__tbss_start + __tbss_size))
                0x0000000000000004                PROVIDE (__tbss_align = ALIGNOF (tbss))
                [!provide]                        PROVIDE (__tls_start = __tdata_start)
                [!provide]                        PROVIDE (__tls_end = __tbss_end)
                [!provide]                        PROVIDE (__tls_size = (__tbss_end - __tdata_start))

rodata          0x0000000008003d10      0x2cc
 *(SORT_BY_ALIGNMENT(.rodata))
 *(SORT_BY_ALIGNMENT(.rodata.*))
 .rodata.gpio_stm32_cfg_f
                0x0000000008003d10       0x14 zephyr/drivers/gpio/libdrivers__gpio.a(gpio_stm32.c.obj)
 .rodata.gpio_stm32_cfg_d
                0x0000000008003d24       0x14 zephyr/drivers/gpio/libdrivers__gpio.a(gpio_stm32.c.obj)
 .rodata.gpio_stm32_cfg_c
                0x0000000008003d38       0x14 zephyr/drivers/gpio/libdrivers__gpio.a(gpio_stm32.c.obj)
 .rodata.gpio_stm32_cfg_b
                0x0000000008003d4c       0x14 zephyr/drivers/gpio/libdrivers__gpio.a(gpio_stm32.c.obj)
 .rodata.gpio_stm32_cfg_a
                0x0000000008003d60       0x14 zephyr/drivers/gpio/libdrivers__gpio.a(gpio_stm32.c.obj)
 .rodata.gpio_stm32_driver
                0x0000000008003d74       0x24 zephyr/drivers/gpio/libdrivers__gpio.a(gpio_stm32.c.obj)
 .rodata.gpio_ports
                0x0000000008003d98       0x2c zephyr/drivers/pinctrl/libdrivers__pinctrl.a(pinctrl_stm32.c.obj)
 .rodata.reset_stm32_config
                0x0000000008003dc4        0x4 zephyr/drivers/reset/libdrivers__reset.a(reset_stm32.c.obj)
 .rodata.reset_stm32_driver_api
                0x0000000008003dc8       0x10 zephyr/drivers/reset/libdrivers__reset.a(reset_stm32.c.obj)
 .rodata.uart_stm32_cfg_0
                0x0000000008003dd8       0x24 zephyr/drivers/serial/libdrivers__serial.a(uart_stm32.c.obj)
 .rodata.pclken_0
                0x0000000008003dfc        0x8 zephyr/drivers/serial/libdrivers__serial.a(uart_stm32.c.obj)
 .rodata.__pinctrl_dev_config__device_dts_ord_39
                0x0000000008003e04        0x8 zephyr/drivers/serial/libdrivers__serial.a(uart_stm32.c.obj)
 .rodata.__pinctrl_states__device_dts_ord_39
                0x0000000008003e0c        0x8 zephyr/drivers/serial/libdrivers__serial.a(uart_stm32.c.obj)
 .rodata.__pinctrl_state_pins_0__device_dts_ord_39
                0x0000000008003e14       0x10 zephyr/drivers/serial/libdrivers__serial.a(uart_stm32.c.obj)
 .rodata.uart_stm32_driver_api
                0x0000000008003e24       0x54 zephyr/drivers/serial/libdrivers__serial.a(uart_stm32.c.obj)
 .rodata._k_neg_eagain
                0x0000000008003e78        0x4 zephyr/kernel/libkernel.a(errno.c.obj)
                0x0000000008003e78                _k_neg_eagain
 .rodata.levels.0
                0x0000000008003e7c       0x18 zephyr/kernel/libkernel.a(init.c.obj)
 .rodata.CSWTCH.759
                0x0000000008003e94        0x6 zephyr/drivers/serial/libdrivers__serial.a(uart_stm32.c.obj)
 .rodata.main.str1.1
                0x0000000008003e9a        0xd app/libapp.a(main.c.obj)
 .rodata.usb_update_sn_string_descriptor.str1.1
                0x0000000008003ea7       0x11 zephyr/libzephyr.a(usb_descriptor.c.obj)
 .rodata.line_range_2.0
                0x0000000008003eb8        0x2 zephyr/drivers/interrupt_controller/libdrivers__interrupt_controller.a(intc_exti_stm32.c.obj)
 .rodata.line_range_1.1
                0x0000000008003eba        0x2 zephyr/drivers/interrupt_controller/libdrivers__interrupt_controller.a(intc_exti_stm32.c.obj)
 .rodata.line_range_0.2
                0x0000000008003ebc        0x2 zephyr/drivers/interrupt_controller/libdrivers__interrupt_controller.a(intc_exti_stm32.c.obj)
 .rodata.str1.1
                0x0000000008003ebe       0x1e zephyr/drivers/interrupt_controller/libdrivers__interrupt_controller.a(intc_exti_stm32.c.obj)
 .rodata.str1.1
                0x0000000008003edc        0xd zephyr/drivers/clock_control/libdrivers__clock_control.a(clock_stm32_ll_common.c.obj)
 .rodata.str1.1
                0x0000000008003ee9       0x46 zephyr/drivers/gpio/libdrivers__gpio.a(gpio_stm32.c.obj)
 .rodata.str1.1
                0x0000000008003f2f       0x11 zephyr/drivers/reset/libdrivers__reset.a(reset_stm32.c.obj)
 .rodata.str1.1
                0x0000000008003f40       0x10 zephyr/drivers/serial/libdrivers__serial.a(uart_stm32.c.obj)
 .rodata.AHBPrescTable
                0x0000000008003f50       0x10 modules/stm32/stm32cube/lib..__modules__hal__stm32__stm32cube.a(system_stm32f0xx.c.obj)
                0x0000000008003f50                AHBPrescTable
 .rodata.aPredivFactorTable.0
                0x0000000008003f60       0x10 modules/stm32/stm32cube/lib..__modules__hal__stm32__stm32cube.a(stm32f0xx_hal_rcc.c.obj)
 .rodata.aPLLMULFactorTable.1
                0x0000000008003f70       0x10 modules/stm32/stm32cube/lib..__modules__hal__stm32__stm32cube.a(stm32f0xx_hal_rcc.c.obj)
 .rodata.z_cstart.str1.1
                0x0000000008003f80        0x5 zephyr/kernel/libkernel.a(init.c.obj)
 .rodata.k_sys_work_q_init.str1.1
                0x0000000008003f85        0x9 zephyr/kernel/libkernel.a(system_work_q.c.obj)
 .rodata.boot_banner.str1.1
                0x0000000008003f8e       0x3d zephyr/kernel/libkernel.a(banner.c.obj)
 .rodata.__i_vfprintf.str1.1
                0x0000000008003fcb        0xf /Users/henrychen/zephyr-sdk-0.16.3/arm-zephyr-eabi/bin/../lib/gcc/../../picolibc/arm-zephyr-eabi/lib/thumb/v6-m/nofp/libc.a(libc_tinystdio_vfiprintf.c.o)
 *(SORT_BY_ALIGNMENT(.gnu.linkonce.r.*))
                0x0000000008003fdc                . = ALIGN (0x4)
 *fill*         0x0000000008003fda        0x2 
                0x0000000008003fdc                __rodata_region_end = .
                0x0000000008003fdc                . = ALIGN (_region_min_align)
                0x0000000008003fdc                __rom_region_end = ((__rom_region_start + .) - ADDR (rom_start))

/DISCARD/
 *(SORT_BY_ALIGNMENT(.got.plt))
 *(SORT_BY_ALIGNMENT(.igot.plt))
 *(SORT_BY_ALIGNMENT(.got))
 *(SORT_BY_ALIGNMENT(.igot))
                0x0000000020000000                . = 0x20000000
                0x0000000020000000                . = ALIGN (_region_min_align)
                0x0000000020000000                _image_ram_start = .

.st_stm32f0x_vt
                0x0000000020000000       0xc0
                0x0000000020000000                _ram_vector_start = .
                0x00000000200000c0                . = (. + (_vector_end - _vector_start))
 *fill*         0x0000000020000000       0xc0 
                0x00000000200000c0                _ram_vector_end = .

.ramfunc        0x00000000200000c0        0x0 load address 0x0000000008003fdc
                0x00000000200000c0                . = ALIGN (_region_min_align)
                0x00000000200000c0                __ramfunc_start = .
 *(SORT_BY_ALIGNMENT(.ramfunc))
 *(SORT_BY_ALIGNMENT(.ramfunc.*))
                0x00000000200000c0                . = ALIGN (_region_min_align)
                0x00000000200000c0                __ramfunc_end = .
                0x0000000000000000                __ramfunc_size = (__ramfunc_end - __ramfunc_start)
                0x0000000008003fdc                __ramfunc_load_start = LOADADDR (.ramfunc)

datas           0x00000000200000c0       0x64 load address 0x0000000008003fdc
                0x00000000200000c0                __data_region_start = .
                0x00000000200000c0                __data_start = .
 *(SORT_BY_ALIGNMENT(.data))
 *(SORT_BY_ALIGNMENT(.data.*))
 .data._char_out
                0x00000000200000c0        0x4 zephyr/libzephyr.a(printk.c.obj)
                0x00000000200000c0                _char_out
 .data.__stdout
                0x00000000200000c4       0x10 zephyr/lib/libc/picolibc/liblib__libc__picolibc.a(libc-hooks.c.obj)
 .data.stm32_clock_control_api
                0x00000000200000d4       0x1c zephyr/drivers/clock_control/libdrivers__clock_control.a(clock_stm32_ll_common.c.obj)
 .data.uart_stm32_data_0
                0x00000000200000f0       0x10 zephyr/drivers/serial/libdrivers__serial.a(uart_stm32.c.obj)
 .data.uart_cfg_0
                0x0000000020000100        0x8 zephyr/drivers/serial/libdrivers__serial.a(uart_stm32.c.obj)
 .data.SystemCoreClock
                0x0000000020000108        0x4 modules/stm32/stm32cube/lib..__modules__hal__stm32__stm32cube.a(system_stm32f0xx.c.obj)
                0x0000000020000108                SystemCoreClock
 .data.timeout_list
                0x000000002000010c        0x8 zephyr/kernel/libkernel.a(timeout.c.obj)
 .data.exti_irq_table
                0x0000000020000114       0x10 zephyr/drivers/interrupt_controller/libdrivers__interrupt_controller.a(intc_exti_stm32.c.obj)
 *(SORT_BY_ALIGNMENT(.kernel.*))
                0x0000000020000124                __data_end = .
                0x0000000000000064                __data_size = (__data_end - __data_start)
                0x0000000008003fdc                __data_load_start = LOADADDR (datas)
                0x0000000008003fdc                __data_region_load_start = LOADADDR (datas)

device_states   0x0000000020000124       0x12 load address 0x0000000008004040
                0x0000000020000124                __device_states_start = .
 *(SORT_BY_ALIGNMENT(.z_devstate))
 .z_devstate    0x0000000020000124        0x2 zephyr/drivers/interrupt_controller/libdrivers__interrupt_controller.a(intc_exti_stm32.c.obj)
 .z_devstate    0x0000000020000126        0x2 zephyr/drivers/clock_control/libdrivers__clock_control.a(clock_stm32_ll_common.c.obj)
 .z_devstate    0x0000000020000128        0xa zephyr/drivers/gpio/libdrivers__gpio.a(gpio_stm32.c.obj)
 .z_devstate    0x0000000020000132        0x2 zephyr/drivers/reset/libdrivers__reset.a(reset_stm32.c.obj)
 .z_devstate    0x0000000020000134        0x2 zephyr/drivers/serial/libdrivers__serial.a(uart_stm32.c.obj)
 *(SORT_BY_ALIGNMENT(.z_devstate.*))
                0x0000000020000136                __device_states_end = .

log_mpsc_pbuf_area
                0x0000000020000136        0x0 load address 0x0000000008004052
                0x0000000020000136                _log_mpsc_pbuf_list_start = .
 *(SORT_BY_NAME(SORT_BY_ALIGNMENT(._log_mpsc_pbuf.static.*)))
                0x0000000020000136                _log_mpsc_pbuf_list_end = .

log_msg_ptr_area
                0x0000000020000136        0x0 load address 0x0000000008004052
                0x0000000020000136                _log_msg_ptr_list_start = .
 *(SORT_BY_NAME(SORT_BY_ALIGNMENT(._log_msg_ptr.static.*)))
                0x0000000020000136                _log_msg_ptr_list_end = .

log_dynamic_area
                0x0000000020000136        0x0 load address 0x0000000008004052
                0x0000000020000136                _log_dynamic_list_start = .
 *(SORT_BY_NAME(SORT_BY_ALIGNMENT(._log_dynamic.static.*)))
                0x0000000020000136                _log_dynamic_list_end = .

k_timer_area    0x0000000020000136        0x0 load address 0x0000000008004052
                0x0000000020000136                _k_timer_list_start = .
 *(SORT_BY_NAME(SORT_BY_ALIGNMENT(._k_timer.static.*)))
                0x0000000020000136                _k_timer_list_end = .

k_mem_slab_area
                0x0000000020000136        0x0 load address 0x0000000008004052
                0x0000000020000136                _k_mem_slab_list_start = .
 *(SORT_BY_NAME(SORT_BY_ALIGNMENT(._k_mem_slab.static.*)))
                0x0000000020000136                _k_mem_slab_list_end = .

k_heap_area     0x0000000020000136        0x0 load address 0x0000000008004052
                0x0000000020000136                _k_heap_list_start = .
 *(SORT_BY_NAME(SORT_BY_ALIGNMENT(._k_heap.static.*)))
                0x0000000020000136                _k_heap_list_end = .

k_mutex_area    0x0000000020000136        0x0 load address 0x0000000008004052
                0x0000000020000136                _k_mutex_list_start = .
 *(SORT_BY_NAME(SORT_BY_ALIGNMENT(._k_mutex.static.*)))
                0x0000000020000136                _k_mutex_list_end = .

k_stack_area    0x0000000020000136        0x0 load address 0x0000000008004052
                0x0000000020000136                _k_stack_list_start = .
 *(SORT_BY_NAME(SORT_BY_ALIGNMENT(._k_stack.static.*)))
                0x0000000020000136                _k_stack_list_end = .

k_msgq_area     0x0000000020000136        0x0 load address 0x0000000008004052
                0x0000000020000136                _k_msgq_list_start = .
 *(SORT_BY_NAME(SORT_BY_ALIGNMENT(._k_msgq.static.*)))
                0x0000000020000136                _k_msgq_list_end = .

k_mbox_area     0x0000000020000136        0x0 load address 0x0000000008004052
                0x0000000020000136                _k_mbox_list_start = .
 *(SORT_BY_NAME(SORT_BY_ALIGNMENT(._k_mbox.static.*)))
                0x0000000020000136                _k_mbox_list_end = .

k_pipe_area     0x0000000020000136        0x0 load address 0x0000000008004052
                0x0000000020000136                _k_pipe_list_start = .
 *(SORT_BY_NAME(SORT_BY_ALIGNMENT(._k_pipe.static.*)))
                0x0000000020000136                _k_pipe_list_end = .

k_sem_area      0x0000000020000136        0x0 load address 0x0000000008004052
                0x0000000020000136                _k_sem_list_start = .
 *(SORT_BY_NAME(SORT_BY_ALIGNMENT(._k_sem.static.*)))
                0x0000000020000136                _k_sem_list_end = .

k_event_area    0x0000000020000136        0x0 load address 0x0000000008004052
                0x0000000020000136                _k_event_list_start = .
 *(SORT_BY_NAME(SORT_BY_ALIGNMENT(._k_event.static.*)))
                0x0000000020000136                _k_event_list_end = .

k_queue_area    0x0000000020000136        0x0 load address 0x0000000008004052
                0x0000000020000136                _k_queue_list_start = .
 *(SORT_BY_NAME(SORT_BY_ALIGNMENT(._k_queue.static.*)))
                0x0000000020000136                _k_queue_list_end = .

k_fifo_area     0x0000000020000136        0x0 load address 0x0000000008004052
                0x0000000020000136                _k_fifo_list_start = .
 *(SORT_BY_NAME(SORT_BY_ALIGNMENT(._k_fifo.static.*)))
                0x0000000020000136                _k_fifo_list_end = .

k_lifo_area     0x0000000020000136        0x0 load address 0x0000000008004052
                0x0000000020000136                _k_lifo_list_start = .
 *(SORT_BY_NAME(SORT_BY_ALIGNMENT(._k_lifo.static.*)))
                0x0000000020000136                _k_lifo_list_end = .

k_condvar_area  0x0000000020000136        0x0 load address 0x0000000008004052
                0x0000000020000136                _k_condvar_list_start = .
 *(SORT_BY_NAME(SORT_BY_ALIGNMENT(._k_condvar.static.*)))
                0x0000000020000136                _k_condvar_list_end = .

sys_mem_blocks_ptr_area
                0x0000000020000136        0x0 load address 0x0000000008004052
                0x0000000020000136                _sys_mem_blocks_ptr_list_start = .
 *(SORT_BY_NAME(SORT_BY_ALIGNMENT(._sys_mem_blocks_ptr.static.*)))
                0x0000000020000136                _sys_mem_blocks_ptr_list_end = .

net_buf_pool_area
                0x0000000020000136        0x0 load address 0x0000000008004052
                0x0000000020000136                _net_buf_pool_list_start = .
 *(SORT_BY_NAME(SORT_BY_ALIGNMENT(._net_buf_pool.static.*)))
                0x0000000020000136                _net_buf_pool_list_end = .

usb_descriptor  0x0000000020000136       0x6f load address 0x0000000008004052
                0x0000000020000136                __usb_descriptor_start = .
 *(SORT_BY_ALIGNMENT(.usb.descriptor))
 *(SORT_BY_NAME(SORT_BY_ALIGNMENT(.usb.descriptor*)))
 .usb.descriptor_primary.0
                0x0000000020000136       0x1b zephyr/libzephyr.a(usb_descriptor.c.obj)
 .usb.descriptor_primary.4
                0x0000000020000151       0x52 zephyr/libzephyr.a(usb_descriptor.c.obj)
 .usb.descriptor_primary.6
                0x00000000200001a3        0x2 zephyr/libzephyr.a(usb_descriptor.c.obj)
                0x00000000200001a5                __usb_descriptor_end = .

usb_cfg_data_area
                0x00000000200001a5        0x0 load address 0x00000000080040c1
                0x00000000200001a5                _usb_cfg_data_list_start = .
 *(SORT_BY_NAME(SORT_BY_ALIGNMENT(._usb_cfg_data.static.*)))
                0x00000000200001a5                _usb_cfg_data_list_end = .
                0x00000000200001a5                __data_region_end = .

bss             0x00000000200001a8      0x4a0
                0x00000000200001a8                . = ALIGN (0x4)
                0x00000000200001a8                __bss_start = .
                0x00000000200001a8                __kernel_ram_start = .
 *(SORT_BY_ALIGNMENT(.bss))
 *(SORT_BY_ALIGNMENT(.bss.*))
 .bss.z_idle_threads
                0x00000000200001a8       0x70 zephyr/kernel/libkernel.a(init.c.obj)
                0x00000000200001a8                z_idle_threads
 .bss.z_main_thread
                0x0000000020000218       0x70 zephyr/kernel/libkernel.a(init.c.obj)
                0x0000000020000218                z_main_thread
 .bss.k_sys_work_q
                0x0000000020000288       0x90 zephyr/kernel/libkernel.a(system_work_q.c.obj)
                0x0000000020000288                k_sys_work_q
 .bss.slice_timeouts
                0x0000000020000318       0x18 zephyr/kernel/libkernel.a(sched.c.obj)
 .bss.curr_tick
                0x0000000020000330        0x8 zephyr/kernel/libkernel.a(timeout.c.obj)
 .bss.usb_dev   0x0000000020000338       0xcc zephyr/libzephyr.a(usb_device.c.obj)
 .bss.ut_data   0x0000000020000404      0x100 zephyr/libzephyr.a(usb_transfer.c.obj)
 .bss.z_arm_tls_ptr
                0x0000000020000504        0x4 zephyr/arch/arch/arm/core/libarch__arm__core.a(tls.c.obj)
                0x0000000020000504                z_arm_tls_ptr
 .bss._stdout_hook
                0x0000000020000508        0x4 zephyr/lib/libc/picolibc/liblib__libc__picolibc.a(libc-hooks.c.obj)
 .bss.z_malloc_heap
                0x000000002000050c        0xc zephyr/lib/libc/common/liblib__libc__common.a(malloc.c.obj)
 .bss.exti_data
                0x0000000020000518       0x80 zephyr/drivers/interrupt_controller/libdrivers__interrupt_controller.a(intc_exti_stm32.c.obj)
 .bss.gpio_stm32_data_f
                0x0000000020000598       0x10 zephyr/drivers/gpio/libdrivers__gpio.a(gpio_stm32.c.obj)
 .bss.gpio_stm32_data_d
                0x00000000200005a8       0x10 zephyr/drivers/gpio/libdrivers__gpio.a(gpio_stm32.c.obj)
 .bss.gpio_stm32_data_c
                0x00000000200005b8       0x10 zephyr/drivers/gpio/libdrivers__gpio.a(gpio_stm32.c.obj)
 .bss.gpio_stm32_data_b
                0x00000000200005c8       0x10 zephyr/drivers/gpio/libdrivers__gpio.a(gpio_stm32.c.obj)
 .bss.gpio_stm32_data_a
                0x00000000200005d8       0x10 zephyr/drivers/gpio/libdrivers__gpio.a(gpio_stm32.c.obj)
 .bss.overflow_cyc
                0x00000000200005e8        0x4 zephyr/drivers/timer/libdrivers__timer.a(cortex_m_systick.c.obj)
 .bss.announced_cycles
                0x00000000200005ec        0x4 zephyr/drivers/timer/libdrivers__timer.a(cortex_m_systick.c.obj)
 .bss.cycle_count
                0x00000000200005f0        0x4 zephyr/drivers/timer/libdrivers__timer.a(cortex_m_systick.c.obj)
 .bss.last_load
                0x00000000200005f4        0x4 zephyr/drivers/timer/libdrivers__timer.a(cortex_m_systick.c.obj)
 .bss._cpus_active
                0x00000000200005f8        0x4 zephyr/kernel/libkernel.a(init.c.obj)
                0x00000000200005f8                _cpus_active
 .bss._kernel   0x00000000200005fc       0x20 zephyr/kernel/libkernel.a(init.c.obj)
                0x00000000200005fc                _kernel
 .bss.pending_cancels
                0x000000002000061c        0x8 zephyr/kernel/libkernel.a(work.c.obj)
 .bss.pending_current
                0x0000000020000624        0x4 zephyr/kernel/libkernel.a(sched.c.obj)
 .bss.slice_max_prio
                0x0000000020000628        0x4 zephyr/kernel/libkernel.a(sched.c.obj)
 .bss.slice_ticks
                0x000000002000062c        0x4 zephyr/kernel/libkernel.a(sched.c.obj)
 .bss.announce_remaining
                0x0000000020000630        0x4 zephyr/kernel/libkernel.a(timeout.c.obj)
 .bss.sn.0      0x0000000020000634       0x12 zephyr/libzephyr.a(usb_descriptor.c.obj)
 .bss.z_sys_post_kernel
                0x0000000020000646        0x1 zephyr/kernel/libkernel.a(init.c.obj)
                0x0000000020000646                z_sys_post_kernel
 .bss.lock      0x0000000020000647        0x0 zephyr/kernel/libkernel.a(sem.c.obj)
 .bss.lock      0x0000000020000647        0x0 zephyr/kernel/libkernel.a(work.c.obj)
 .bss.slice_expired
                0x0000000020000647        0x1 zephyr/kernel/libkernel.a(sched.c.obj)
 .bss.sched_spinlock
                0x0000000020000648        0x0 zephyr/kernel/libkernel.a(sched.c.obj)
                0x0000000020000648                sched_spinlock
 *(SORT_BY_ALIGNMENT(COMMON))
 *(SORT_BY_ALIGNMENT(.kernel_bss.*))
                0x0000000020000648                __bss_end = ALIGN (0x4)

noinit          0x0000000020000648     0x1100
 *(SORT_BY_ALIGNMENT(.noinit))
 *(SORT_BY_ALIGNMENT(.noinit.*))
 .noinit."WEST_TOPDIR/zephyr/kernel/init.c".2
                0x0000000020000648      0x800 zephyr/kernel/libkernel.a(init.c.obj)
                0x0000000020000648                z_interrupt_stacks
 .noinit."WEST_TOPDIR/zephyr/kernel/init.c".1
                0x0000000020000e48      0x100 zephyr/kernel/libkernel.a(init.c.obj)
 .noinit."WEST_TOPDIR/zephyr/kernel/init.c".0
                0x0000000020000f48      0x400 zephyr/kernel/libkernel.a(init.c.obj)
                0x0000000020000f48                z_main_stack
 .noinit."WEST_TOPDIR/zephyr/kernel/system_work_q.c".0
                0x0000000020001348      0x400 zephyr/kernel/libkernel.a(system_work_q.c.obj)
 *(SORT_BY_ALIGNMENT(.kernel_noinit.*))
                0x0000000020001800                __kernel_ram_end = 0x20001800
                0x0000000000001658                __kernel_ram_size = (__kernel_ram_end - __kernel_ram_start)

.intList        0x00000000fffff800       0x48
 *(SORT_BY_ALIGNMENT(.irq_info*))
 .irq_info      0x00000000fffff800        0x8 zephyr/arch/common/libisr_tables.a(isr_tables.c.obj)
                0x00000000fffff800                _iheader
 *(SORT_BY_ALIGNMENT(.intList*))
 .intList       0x00000000fffff808       0x30 zephyr/drivers/interrupt_controller/libdrivers__interrupt_controller.a(intc_exti_stm32.c.obj)
 .intList       0x00000000fffff838       0x10 zephyr/drivers/serial/libdrivers__serial.a(uart_stm32.c.obj)

.last_ram_section
                0x0000000020001748        0x0
                0x0000000020001748                _image_ram_end = .
                0x0000000000001748                _image_ram_size = (_image_ram_end - _image_ram_start)
                0x0000000020001748                _end = .
                0x0000000020001748                z_mapped_end = .

.stab
 *(SORT_BY_ALIGNMENT(.stab))

.stabstr
 *(SORT_BY_ALIGNMENT(.stabstr))

.stab.excl
 *(SORT_BY_ALIGNMENT(.stab.excl))

.stab.exclstr
 *(SORT_BY_ALIGNMENT(.stab.exclstr))

.stab.index
 *(SORT_BY_ALIGNMENT(.stab.index))

.stab.indexstr
 *(SORT_BY_ALIGNMENT(.stab.indexstr))

.gnu.build.attributes
 *(SORT_BY_ALIGNMENT(.gnu.build.attributes) SORT_BY_ALIGNMENT(.gnu.build.attributes.*))

.comment        0x0000000000000000       0x20
 *(SORT_BY_ALIGNMENT(.comment))
 .comment       0x0000000000000000       0x20 zephyr/CMakeFiles/offsets.dir/./arch/arm/core/offsets/offsets.c.obj
                                         0x21 (size before relaxing)
 .comment       0x0000000000000020       0x21 app/libapp.a(main.c.obj)
 .comment       0x0000000000000020       0x21 zephyr/libzephyr.a(printk.c.obj)
 .comment       0x0000000000000020       0x21 zephyr/libzephyr.a(thread_entry.c.obj)
 .comment       0x0000000000000020       0x21 zephyr/libzephyr.a(heap.c.obj)
 .comment       0x0000000000000020       0x21 zephyr/libzephyr.a(configs.c.obj)
 .comment       0x0000000000000020       0x21 zephyr/libzephyr.a(soc.c.obj)
 .comment       0x0000000000000020       0x21 zephyr/libzephyr.a(soc_config.c.obj)
 .comment       0x0000000000000020       0x21 zephyr/libzephyr.a(usb_device.c.obj)
 .comment       0x0000000000000020       0x21 zephyr/libzephyr.a(usb_descriptor.c.obj)
 .comment       0x0000000000000020       0x21 zephyr/libzephyr.a(usb_transfer.c.obj)
 .comment       0x0000000000000020       0x21 zephyr/arch/arch/arm/core/libarch__arm__core.a(fatal.c.obj)
 .comment       0x0000000000000020       0x21 zephyr/arch/arch/arm/core/libarch__arm__core.a(nmi.c.obj)
 .comment       0x0000000000000020       0x21 zephyr/arch/arch/arm/core/libarch__arm__core.a(tls.c.obj)
 .comment       0x0000000000000020       0x21 zephyr/arch/arch/arm/core/cortex_m/libarch__arm__core__cortex_m.a(fault.c.obj)
 .comment       0x0000000000000020       0x21 zephyr/arch/arch/arm/core/cortex_m/libarch__arm__core__cortex_m.a(irq_init.c.obj)
 .comment       0x0000000000000020       0x21 zephyr/arch/arch/arm/core/cortex_m/libarch__arm__core__cortex_m.a(thread_abort.c.obj)
 .comment       0x0000000000000020       0x21 zephyr/arch/arch/arm/core/cortex_m/libarch__arm__core__cortex_m.a(swap.c.obj)
 .comment       0x0000000000000020       0x21 zephyr/arch/arch/arm/core/cortex_m/libarch__arm__core__cortex_m.a(irq_manage.c.obj)
 .comment       0x0000000000000020       0x21 zephyr/arch/arch/arm/core/cortex_m/libarch__arm__core__cortex_m.a(prep_c.c.obj)
 .comment       0x0000000000000020       0x21 zephyr/arch/arch/arm/core/cortex_m/libarch__arm__core__cortex_m.a(thread.c.obj)
 .comment       0x0000000000000020       0x21 zephyr/lib/libc/picolibc/liblib__libc__picolibc.a(libc-hooks.c.obj)
 .comment       0x0000000000000020       0x21 zephyr/lib/libc/common/liblib__libc__common.a(malloc.c.obj)
 .comment       0x0000000000000020       0x21 zephyr/drivers/interrupt_controller/libdrivers__interrupt_controller.a(intc_exti_stm32.c.obj)
 .comment       0x0000000000000020       0x21 zephyr/drivers/clock_control/libdrivers__clock_control.a(clock_stm32_ll_common.c.obj)
 .comment       0x0000000000000020       0x21 zephyr/drivers/clock_control/libdrivers__clock_control.a(clock_stm32f0_f3.c.obj)
 .comment       0x0000000000000020       0x21 zephyr/drivers/console/libdrivers__console.a(uart_console.c.obj)
 .comment       0x0000000000000020       0x21 zephyr/drivers/gpio/libdrivers__gpio.a(gpio_stm32.c.obj)
 .comment       0x0000000000000020       0x21 zephyr/drivers/hwinfo/libdrivers__hwinfo.a(hwinfo_stm32.c.obj)
 .comment       0x0000000000000020       0x21 zephyr/drivers/pinctrl/libdrivers__pinctrl.a(common.c.obj)
 .comment       0x0000000000000020       0x21 zephyr/drivers/pinctrl/libdrivers__pinctrl.a(pinctrl_stm32.c.obj)
 .comment       0x0000000000000020       0x21 zephyr/drivers/reset/libdrivers__reset.a(reset_stm32.c.obj)
 .comment       0x0000000000000020       0x21 zephyr/drivers/serial/libdrivers__serial.a(uart_stm32.c.obj)
 .comment       0x0000000000000020       0x21 zephyr/drivers/timer/libdrivers__timer.a(cortex_m_systick.c.obj)
 .comment       0x0000000000000020       0x21 modules/stm32/stm32cube/lib..__modules__hal__stm32__stm32cube.a(system_stm32f0xx.c.obj)
 .comment       0x0000000000000020       0x21 modules/stm32/stm32cube/lib..__modules__hal__stm32__stm32cube.a(stm32f0xx_hal_rcc.c.obj)
 .comment       0x0000000000000020       0x21 modules/stm32/stm32cube/lib..__modules__hal__stm32__stm32cube.a(stm32f0xx_ll_utils.c.obj)
 .comment       0x0000000000000020       0x21 zephyr/kernel/libkernel.a(device.c.obj)
 .comment       0x0000000000000020       0x21 zephyr/kernel/libkernel.a(errno.c.obj)
 .comment       0x0000000000000020       0x21 zephyr/kernel/libkernel.a(fatal.c.obj)
 .comment       0x0000000000000020       0x21 zephyr/kernel/libkernel.a(init.c.obj)
 .comment       0x0000000000000020       0x21 zephyr/kernel/libkernel.a(thread.c.obj)
 .comment       0x0000000000000020       0x21 zephyr/kernel/libkernel.a(idle.c.obj)
 .comment       0x0000000000000020       0x21 zephyr/kernel/libkernel.a(sem.c.obj)
 .comment       0x0000000000000020       0x21 zephyr/kernel/libkernel.a(system_work_q.c.obj)
 .comment       0x0000000000000020       0x21 zephyr/kernel/libkernel.a(work.c.obj)
 .comment       0x0000000000000020       0x21 zephyr/kernel/libkernel.a(sched.c.obj)
 .comment       0x0000000000000020       0x21 zephyr/kernel/libkernel.a(xip.c.obj)
 .comment       0x0000000000000020       0x21 zephyr/kernel/libkernel.a(timeout.c.obj)
 .comment       0x0000000000000020       0x21 zephyr/kernel/libkernel.a(atomic_c.c.obj)
 .comment       0x0000000000000020       0x21 zephyr/kernel/libkernel.a(banner.c.obj)
 .comment       0x0000000000000020       0x21 zephyr/arch/common/libisr_tables.a(isr_tables.c.obj)

.debug
 *(SORT_BY_ALIGNMENT(.debug))

.line
 *(SORT_BY_ALIGNMENT(.line))

.debug_srcinfo
 *(SORT_BY_ALIGNMENT(.debug_srcinfo))

.debug_sfnames
 *(SORT_BY_ALIGNMENT(.debug_sfnames))

.debug_aranges  0x0000000000000000     0x1208
 *(SORT_BY_ALIGNMENT(.debug_aranges))
 .debug_aranges
                0x0000000000000000       0x20 zephyr/arch/arch/arm/core/libarch__arm__core.a(nmi_on_reset.S.obj)
 .debug_aranges
                0x0000000000000020       0x20 zephyr/arch/arch/arm/core/cortex_m/libarch__arm__core__cortex_m.a(exc_exit.S.obj)
 .debug_aranges
                0x0000000000000040       0x20 zephyr/arch/arch/arm/core/cortex_m/libarch__arm__core__cortex_m.a(fault_s.S.obj)
 .debug_aranges
                0x0000000000000060       0x20 zephyr/arch/arch/arm/core/cortex_m/libarch__arm__core__cortex_m.a(reset.S.obj)
 .debug_aranges
                0x0000000000000080       0x28 zephyr/arch/arch/arm/core/cortex_m/libarch__arm__core__cortex_m.a(swap_helper.S.obj)
 .debug_aranges
                0x00000000000000a8       0x30 zephyr/arch/arch/arm/core/cortex_m/libarch__arm__core__cortex_m.a(cpu_idle.S.obj)
 .debug_aranges
                0x00000000000000d8       0x20 zephyr/arch/arch/arm/core/cortex_m/libarch__arm__core__cortex_m.a(isr_wrapper.S.obj)
 .debug_aranges
                0x00000000000000f8       0x20 zephyr/arch/arch/arm/core/cortex_m/libarch__arm__core__cortex_m.a(__aeabi_read_tp.S.obj)
 .debug_aranges
                0x0000000000000118       0x20 zephyr/CMakeFiles/offsets.dir/./arch/arm/core/offsets/offsets.c.obj
 .debug_aranges
                0x0000000000000138       0x20 app/libapp.a(main.c.obj)
 .debug_aranges
                0x0000000000000158       0x50 zephyr/libzephyr.a(printk.c.obj)
 .debug_aranges
                0x00000000000001a8       0x20 zephyr/libzephyr.a(thread_entry.c.obj)
 .debug_aranges
                0x00000000000001c8       0x88 zephyr/libzephyr.a(heap.c.obj)
 .debug_aranges
                0x0000000000000250       0x20 zephyr/libzephyr.a(configs.c.obj)
 .debug_aranges
                0x0000000000000270       0x28 zephyr/libzephyr.a(soc.c.obj)
 .debug_aranges
                0x0000000000000298       0x20 zephyr/libzephyr.a(soc_config.c.obj)
 .debug_aranges
                0x00000000000002b8       0xf0 zephyr/libzephyr.a(usb_device.c.obj)
 .debug_aranges
                0x00000000000003a8       0x48 zephyr/libzephyr.a(usb_descriptor.c.obj)
 .debug_aranges
                0x00000000000003f0       0x68 zephyr/libzephyr.a(usb_transfer.c.obj)
 .debug_aranges
                0x0000000000000458       0x30 zephyr/arch/arch/arm/core/libarch__arm__core.a(fatal.c.obj)
 .debug_aranges
                0x0000000000000488       0x20 zephyr/arch/arch/arm/core/libarch__arm__core.a(nmi.c.obj)
 .debug_aranges
                0x00000000000004a8       0x20 zephyr/arch/arch/arm/core/libarch__arm__core.a(tls.c.obj)
 .debug_aranges
                0x00000000000004c8       0x28 zephyr/arch/arch/arm/core/cortex_m/libarch__arm__core__cortex_m.a(fault.c.obj)
 .debug_aranges
                0x00000000000004f0       0x20 zephyr/arch/arch/arm/core/cortex_m/libarch__arm__core__cortex_m.a(irq_init.c.obj)
 .debug_aranges
                0x0000000000000510       0x20 zephyr/arch/arch/arm/core/cortex_m/libarch__arm__core__cortex_m.a(thread_abort.c.obj)
 .debug_aranges
                0x0000000000000530       0x20 zephyr/arch/arch/arm/core/cortex_m/libarch__arm__core__cortex_m.a(swap.c.obj)
 .debug_aranges
                0x0000000000000550       0x40 zephyr/arch/arch/arm/core/cortex_m/libarch__arm__core__cortex_m.a(irq_manage.c.obj)
 .debug_aranges
                0x0000000000000590       0x28 zephyr/arch/arch/arm/core/cortex_m/libarch__arm__core__cortex_m.a(prep_c.c.obj)
 .debug_aranges
                0x00000000000005b8       0x28 zephyr/arch/arch/arm/core/cortex_m/libarch__arm__core__cortex_m.a(thread.c.obj)
 .debug_aranges
                0x00000000000005e0       0xa8 zephyr/lib/libc/picolibc/liblib__libc__picolibc.a(libc-hooks.c.obj)
 .debug_aranges
                0x0000000000000688       0x60 zephyr/lib/libc/common/liblib__libc__common.a(malloc.c.obj)
 .debug_aranges
                0x00000000000006e8       0x50 zephyr/drivers/interrupt_controller/libdrivers__interrupt_controller.a(intc_exti_stm32.c.obj)
 .debug_aranges
                0x0000000000000738       0x48 zephyr/drivers/clock_control/libdrivers__clock_control.a(clock_stm32_ll_common.c.obj)
 .debug_aranges
                0x0000000000000780       0x30 zephyr/drivers/clock_control/libdrivers__clock_control.a(clock_stm32f0_f3.c.obj)
 .debug_aranges
                0x00000000000007b0       0x30 zephyr/drivers/console/libdrivers__console.a(uart_console.c.obj)
 .debug_aranges
                0x00000000000007e0       0x78 zephyr/drivers/gpio/libdrivers__gpio.a(gpio_stm32.c.obj)
 .debug_aranges
                0x0000000000000858       0x38 zephyr/drivers/hwinfo/libdrivers__hwinfo.a(hwinfo_stm32.c.obj)
 .debug_aranges
                0x0000000000000890       0x20 zephyr/drivers/pinctrl/libdrivers__pinctrl.a(common.c.obj)
 .debug_aranges
                0x00000000000008b0       0x20 zephyr/drivers/pinctrl/libdrivers__pinctrl.a(pinctrl_stm32.c.obj)
 .debug_aranges
                0x00000000000008d0       0x38 zephyr/drivers/reset/libdrivers__reset.a(reset_stm32.c.obj)
 .debug_aranges
                0x0000000000000908       0xe0 zephyr/drivers/serial/libdrivers__serial.a(uart_stm32.c.obj)
 .debug_aranges
                0x00000000000009e8       0x58 zephyr/drivers/timer/libdrivers__timer.a(cortex_m_systick.c.obj)
 .debug_aranges
                0x0000000000000a40       0x28 modules/stm32/stm32cube/lib..__modules__hal__stm32__stm32cube.a(system_stm32f0xx.c.obj)
 .debug_aranges
                0x0000000000000a68       0x80 modules/stm32/stm32cube/lib..__modules__hal__stm32__stm32cube.a(stm32f0xx_hal_rcc.c.obj)
 .debug_aranges
                0x0000000000000ae8       0x68 modules/stm32/stm32cube/lib..__modules__hal__stm32__stm32cube.a(stm32f0xx_ll_utils.c.obj)
 .debug_aranges
                0x0000000000000b50       0x38 zephyr/kernel/libkernel.a(device.c.obj)
 .debug_aranges
                0x0000000000000b88       0x18 zephyr/kernel/libkernel.a(errno.c.obj)
 .debug_aranges
                0x0000000000000ba0       0x60 zephyr/kernel/libkernel.a(fatal.c.obj)
 .debug_aranges
                0x0000000000000c00       0x58 zephyr/kernel/libkernel.a(init.c.obj)
 .debug_aranges
                0x0000000000000c58       0xb8 zephyr/kernel/libkernel.a(thread.c.obj)
 .debug_aranges
                0x0000000000000d10       0x30 zephyr/kernel/libkernel.a(idle.c.obj)
 .debug_aranges
                0x0000000000000d40       0x38 zephyr/kernel/libkernel.a(sem.c.obj)
 .debug_aranges
                0x0000000000000d78       0x20 zephyr/kernel/libkernel.a(system_work_q.c.obj)
 .debug_aranges
                0x0000000000000d98      0x110 zephyr/kernel/libkernel.a(work.c.obj)
 .debug_aranges
                0x0000000000000ea8      0x200 zephyr/kernel/libkernel.a(sched.c.obj)
 .debug_aranges
                0x00000000000010a8       0x20 zephyr/kernel/libkernel.a(xip.c.obj)
 .debug_aranges
                0x00000000000010c8       0x90 zephyr/kernel/libkernel.a(timeout.c.obj)
 .debug_aranges
                0x0000000000001158       0x78 zephyr/kernel/libkernel.a(atomic_c.c.obj)
 .debug_aranges
                0x00000000000011d0       0x20 zephyr/kernel/libkernel.a(banner.c.obj)
 .debug_aranges
                0x00000000000011f0       0x18 zephyr/arch/common/libisr_tables.a(isr_tables.c.obj)

.debug_pubnames
 *(SORT_BY_ALIGNMENT(.debug_pubnames))

.debug_info     0x0000000000000000    0x5d3f4
 *(SORT_BY_ALIGNMENT(.debug_info) SORT_BY_ALIGNMENT(.gnu.linkonce.wi.*))
 .debug_info    0x0000000000000000       0xdc zephyr/CMakeFiles/offsets.dir/./arch/arm/core/offsets/offsets.c.obj
 .debug_info    0x00000000000000dc      0x1d0 app/libapp.a(main.c.obj)
 .debug_info    0x00000000000002ac      0x5be zephyr/libzephyr.a(printk.c.obj)
 .debug_info    0x000000000000086a      0x705 zephyr/libzephyr.a(thread_entry.c.obj)
 .debug_info    0x0000000000000f6f     0x305e zephyr/libzephyr.a(heap.c.obj)
 .debug_info    0x0000000000003fcd       0x38 zephyr/libzephyr.a(configs.c.obj)
 .debug_info    0x0000000000004005      0x38d zephyr/libzephyr.a(soc.c.obj)
 .debug_info    0x0000000000004392      0x29a zephyr/libzephyr.a(soc_config.c.obj)
 .debug_info    0x000000000000462c    0x189bd zephyr/libzephyr.a(usb_device.c.obj)
 .debug_info    0x000000000001cfe9     0xc0bb zephyr/libzephyr.a(usb_descriptor.c.obj)
 .debug_info    0x00000000000290a4     0x5823 zephyr/libzephyr.a(usb_transfer.c.obj)
 .debug_info    0x000000000002e8c7     0x2557 zephyr/arch/arch/arm/core/libarch__arm__core.a(fatal.c.obj)
 .debug_info    0x0000000000030e1e       0xb6 zephyr/arch/arch/arm/core/libarch__arm__core.a(nmi.c.obj)
 .debug_info    0x0000000000030ed4       0x23 zephyr/arch/arch/arm/core/libarch__arm__core.a(nmi_on_reset.S.obj)
 .debug_info    0x0000000000030ef7      0x82f zephyr/arch/arch/arm/core/libarch__arm__core.a(tls.c.obj)
 .debug_info    0x0000000000031726       0x23 zephyr/arch/arch/arm/core/cortex_m/libarch__arm__core__cortex_m.a(exc_exit.S.obj)
 .debug_info    0x0000000000031749     0x2590 zephyr/arch/arch/arm/core/cortex_m/libarch__arm__core__cortex_m.a(fault.c.obj)
 .debug_info    0x0000000000033cd9       0x23 zephyr/arch/arch/arm/core/cortex_m/libarch__arm__core__cortex_m.a(fault_s.S.obj)
 .debug_info    0x0000000000033cfc      0x3b1 zephyr/arch/arch/arm/core/cortex_m/libarch__arm__core__cortex_m.a(irq_init.c.obj)
 .debug_info    0x00000000000340ad       0x23 zephyr/arch/arch/arm/core/cortex_m/libarch__arm__core__cortex_m.a(reset.S.obj)
 .debug_info    0x00000000000340d0      0x6fa zephyr/arch/arch/arm/core/cortex_m/libarch__arm__core__cortex_m.a(thread_abort.c.obj)
 .debug_info    0x00000000000347ca      0x6ba zephyr/arch/arch/arm/core/cortex_m/libarch__arm__core__cortex_m.a(swap.c.obj)
 .debug_info    0x0000000000034e84       0x22 zephyr/arch/arch/arm/core/cortex_m/libarch__arm__core__cortex_m.a(swap_helper.S.obj)
 .debug_info    0x0000000000034ea6      0x70e zephyr/arch/arch/arm/core/cortex_m/libarch__arm__core__cortex_m.a(irq_manage.c.obj)
 .debug_info    0x00000000000355b4      0x1d3 zephyr/arch/arch/arm/core/cortex_m/libarch__arm__core__cortex_m.a(prep_c.c.obj)
 .debug_info    0x0000000000035787      0x830 zephyr/arch/arch/arm/core/cortex_m/libarch__arm__core__cortex_m.a(thread.c.obj)
 .debug_info    0x0000000000035fb7       0x22 zephyr/arch/arch/arm/core/cortex_m/libarch__arm__core__cortex_m.a(cpu_idle.S.obj)
 .debug_info    0x0000000000035fd9       0x23 zephyr/arch/arch/arm/core/cortex_m/libarch__arm__core__cortex_m.a(isr_wrapper.S.obj)
 .debug_info    0x0000000000035ffc       0x23 zephyr/arch/arch/arm/core/cortex_m/libarch__arm__core__cortex_m.a(__aeabi_read_tp.S.obj)
 .debug_info    0x000000000003601f      0xe90 zephyr/lib/libc/picolibc/liblib__libc__picolibc.a(libc-hooks.c.obj)
 .debug_info    0x0000000000036eaf      0xd62 zephyr/lib/libc/common/liblib__libc__common.a(malloc.c.obj)